../Core/Src/main.c:216:6:HAL_UART_RxCpltCallback	16	static
../Core/Src/main.c:228:6:HAL_ADC_ConvCpltCallback	16	static
../Core/Src/main.c:236:6:HAL_TIM_PeriodElapsedCallback	16	static
../Core/Src/main.c:255:6:DecodeAnsESP	8	static
../Core/Src/main.c:647:7:findTheLine	48	static
../Core/Src/main.c:682:6:readADC	16	static
../Core/Src/main.c:710:6:uartTX	16	static
../Core/Src/main.c:727:6:SerialCom	24	static
../Core/Src/main.c:781:7:initESP	8	static
../Core/Src/main.c:831:6:udpCom	16	static
../Core/Src/main.c:879:6:DecodeQT	8	static
../Core/Src/main.c:925:6:DecodeCommands	24	static
../Core/Src/main.c:1025:6:calculatePID	24	static
../Core/Src/main.c:1051:5:main	8	static
../Core/Src/main.c:1225:6:SystemClock_Config	88	static
../Core/Src/main.c:1272:13:MX_ADC1_Init	24	static
../Core/Src/main.c:1387:13:MX_I2C1_Init	8	static
../Core/Src/main.c:1421:13:MX_TIM3_Init	64	static
../Core/Src/main.c:1492:13:MX_TIM4_Init	32	static
../Core/Src/main.c:1537:13:MX_USART1_UART_Init	8	static
../Core/Src/main.c:1570:13:MX_USART2_UART_Init	8	static
../Core/Src/main.c:1601:13:MX_DMA_Init	16	static
../Core/Src/main.c:1619:13:MX_GPIO_Init	48	static
../Core/Src/main.c:1659:6:Error_Handler	4	static,ignoring_inline_asm
