Archive member included to satisfy reference by file (symbol)

c:/st/stm32cubeide_1.12.1/stm32cubeide/plugins/com.st.stm32cube.ide.mcu.externaltools.gnu-tools-for-stm32.10.3-2021.10.win32_1.0.200.202301161003/tools/bin/../lib/gcc/arm-none-eabi/10.3.1/../../../../arm-none-eabi/lib/thumb/v7e-m+fp/hard\libc_nano.a(lib_a-errno.o)
                              ./Core/Src/syscalls.o (__errno)
c:/st/stm32cubeide_1.12.1/stm32cubeide/plugins/com.st.stm32cube.ide.mcu.externaltools.gnu-tools-for-stm32.10.3-2021.10.win32_1.0.200.202301161003/tools/bin/../lib/gcc/arm-none-eabi/10.3.1/../../../../arm-none-eabi/lib/thumb/v7e-m+fp/hard\libc_nano.a(lib_a-exit.o)
                              c:/st/stm32cubeide_1.12.1/stm32cubeide/plugins/com.st.stm32cube.ide.mcu.externaltools.gnu-tools-for-stm32.10.3-2021.10.win32_1.0.200.202301161003/tools/bin/../lib/gcc/arm-none-eabi/10.3.1/../../../../arm-none-eabi/lib/thumb/v7e-m+fp/hard/crt0.o (exit)
c:/st/stm32cubeide_1.12.1/stm32cubeide/plugins/com.st.stm32cube.ide.mcu.externaltools.gnu-tools-for-stm32.10.3-2021.10.win32_1.0.200.202301161003/tools/bin/../lib/gcc/arm-none-eabi/10.3.1/../../../../arm-none-eabi/lib/thumb/v7e-m+fp/hard\libc_nano.a(lib_a-impure.o)
                              c:/st/stm32cubeide_1.12.1/stm32cubeide/plugins/com.st.stm32cube.ide.mcu.externaltools.gnu-tools-for-stm32.10.3-2021.10.win32_1.0.200.202301161003/tools/bin/../lib/gcc/arm-none-eabi/10.3.1/../../../../arm-none-eabi/lib/thumb/v7e-m+fp/hard\libc_nano.a(lib_a-exit.o) (_global_impure_ptr)
c:/st/stm32cubeide_1.12.1/stm32cubeide/plugins/com.st.stm32cube.ide.mcu.externaltools.gnu-tools-for-stm32.10.3-2021.10.win32_1.0.200.202301161003/tools/bin/../lib/gcc/arm-none-eabi/10.3.1/../../../../arm-none-eabi/lib/thumb/v7e-m+fp/hard\libc_nano.a(lib_a-init.o)
                              c:/st/stm32cubeide_1.12.1/stm32cubeide/plugins/com.st.stm32cube.ide.mcu.externaltools.gnu-tools-for-stm32.10.3-2021.10.win32_1.0.200.202301161003/tools/bin/../lib/gcc/arm-none-eabi/10.3.1/../../../../arm-none-eabi/lib/thumb/v7e-m+fp/hard/crt0.o (__libc_init_array)
c:/st/stm32cubeide_1.12.1/stm32cubeide/plugins/com.st.stm32cube.ide.mcu.externaltools.gnu-tools-for-stm32.10.3-2021.10.win32_1.0.200.202301161003/tools/bin/../lib/gcc/arm-none-eabi/10.3.1/../../../../arm-none-eabi/lib/thumb/v7e-m+fp/hard\libc_nano.a(lib_a-memcpy-stub.o)
                              ./Core/Src/main.o (memcpy)
c:/st/stm32cubeide_1.12.1/stm32cubeide/plugins/com.st.stm32cube.ide.mcu.externaltools.gnu-tools-for-stm32.10.3-2021.10.win32_1.0.200.202301161003/tools/bin/../lib/gcc/arm-none-eabi/10.3.1/../../../../arm-none-eabi/lib/thumb/v7e-m+fp/hard\libc_nano.a(lib_a-memset.o)
                              c:/st/stm32cubeide_1.12.1/stm32cubeide/plugins/com.st.stm32cube.ide.mcu.externaltools.gnu-tools-for-stm32.10.3-2021.10.win32_1.0.200.202301161003/tools/bin/../lib/gcc/arm-none-eabi/10.3.1/../../../../arm-none-eabi/lib/thumb/v7e-m+fp/hard/crt0.o (memset)
c:/st/stm32cubeide_1.12.1/stm32cubeide/plugins/com.st.stm32cube.ide.mcu.externaltools.gnu-tools-for-stm32.10.3-2021.10.win32_1.0.200.202301161003/tools/bin/../lib/gcc/arm-none-eabi/10.3.1/thumb/v7e-m+fp/hard\libgcc.a(_aeabi_uldivmod.o)
                              ./Drivers/STM32F4xx_HAL_Driver/Src/stm32f4xx_hal_rcc.o (__aeabi_uldivmod)
c:/st/stm32cubeide_1.12.1/stm32cubeide/plugins/com.st.stm32cube.ide.mcu.externaltools.gnu-tools-for-stm32.10.3-2021.10.win32_1.0.200.202301161003/tools/bin/../lib/gcc/arm-none-eabi/10.3.1/thumb/v7e-m+fp/hard\libgcc.a(_udivmoddi4.o)
                              c:/st/stm32cubeide_1.12.1/stm32cubeide/plugins/com.st.stm32cube.ide.mcu.externaltools.gnu-tools-for-stm32.10.3-2021.10.win32_1.0.200.202301161003/tools/bin/../lib/gcc/arm-none-eabi/10.3.1/thumb/v7e-m+fp/hard\libgcc.a(_aeabi_uldivmod.o) (__udivmoddi4)
c:/st/stm32cubeide_1.12.1/stm32cubeide/plugins/com.st.stm32cube.ide.mcu.externaltools.gnu-tools-for-stm32.10.3-2021.10.win32_1.0.200.202301161003/tools/bin/../lib/gcc/arm-none-eabi/10.3.1/thumb/v7e-m+fp/hard\libgcc.a(_dvmd_tls.o)
                              c:/st/stm32cubeide_1.12.1/stm32cubeide/plugins/com.st.stm32cube.ide.mcu.externaltools.gnu-tools-for-stm32.10.3-2021.10.win32_1.0.200.202301161003/tools/bin/../lib/gcc/arm-none-eabi/10.3.1/thumb/v7e-m+fp/hard\libgcc.a(_aeabi_uldivmod.o) (__aeabi_ldiv0)

Discarded input sections

 .text          0x0000000000000000        0x0 c:/st/stm32cubeide_1.12.1/stm32cubeide/plugins/com.st.stm32cube.ide.mcu.externaltools.gnu-tools-for-stm32.10.3-2021.10.win32_1.0.200.202301161003/tools/bin/../lib/gcc/arm-none-eabi/10.3.1/thumb/v7e-m+fp/hard/crti.o
 .data          0x0000000000000000        0x0 c:/st/stm32cubeide_1.12.1/stm32cubeide/plugins/com.st.stm32cube.ide.mcu.externaltools.gnu-tools-for-stm32.10.3-2021.10.win32_1.0.200.202301161003/tools/bin/../lib/gcc/arm-none-eabi/10.3.1/thumb/v7e-m+fp/hard/crti.o
[...]
Memory Configuration

Name             Origin             Length             Attributes
RAM              0x0000000020000000 0x0000000000018000 xrw
FLASH            0x0000000008000000 0x0000000000080000 xr
*default*        0x0000000000000000 0xffffffffffffffff

Linker script and memory map

LOAD c:/st/stm32cubeide_1.12.1/stm32cubeide/plugins/com.st.stm32cube.ide.mcu.externaltools.gnu-tools-for-stm32.10.3-2021.10.win32_1.0.200.202301161003/tools/bin/../lib/gcc/arm-none-eabi/10.3.1/thumb/v7e-m+fp/hard/crti.o
LOAD c:/st/stm32cubeide_1.12.1/stm32cubeide/plugins/com.st.stm32cube.ide.mcu.externaltools.gnu-tools-for-stm32.10.3-2021.10.win32_1.0.200.202301161003/tools/bin/../lib/gcc/arm-none-eabi/10.3.1/thumb/v7e-m+fp/hard/crtbegin.o
LOAD c:/st/stm32cubeide_1.12.1/stm32cubeide/plugins/com.st.stm32cube.ide.mcu.externaltools.gnu-tools-for-stm32.10.3-2021.10.win32_1.0.200.202301161003/tools/bin/../lib/gcc/arm-none-eabi/10.3.1/../../../../arm-none-eabi/lib/thumb/v7e-m+fp/hard/crt0.o
LOAD ./Core/Src/main.o
LOAD ./Core/Src/stm32f4xx_hal_msp.o
LOAD ./Core/Src/stm32f4xx_it.o
LOAD ./Core/Src/syscalls.o
LOAD ./Core/Src/sysmem.o
LOAD ./Core/Src/system_stm32f4xx.o
LOAD ./Core/Startup/startup_stm32f401retx.o
LOAD ./Drivers/STM32F4xx_HAL_Driver/Src/stm32f4xx_hal.o
LOAD ./Drivers/STM32F4xx_HAL_Driver/Src/stm32f4xx_hal_adc.o
LOAD ./Drivers/STM32F4xx_HAL_Driver/Src/stm32f4xx_hal_adc_ex.o
LOAD ./Drivers/STM32F4xx_HAL_Driver/Src/stm32f4xx_hal_cortex.o
LOAD ./Drivers/STM32F4xx_HAL_Driver/Src/stm32f4xx_hal_dma.o
LOAD ./Drivers/STM32F4xx_HAL_Driver/Src/stm32f4xx_hal_dma_ex.o
LOAD ./Drivers/STM32F4xx_HAL_Driver/Src/stm32f4xx_hal_exti.o
LOAD ./Drivers/STM32F4xx_HAL_Driver/Src/stm32f4xx_hal_flash.o
LOAD ./Drivers/STM32F4xx_HAL_Driver/Src/stm32f4xx_hal_flash_ex.o
LOAD ./Drivers/STM32F4xx_HAL_Driver/Src/stm32f4xx_hal_flash_ramfunc.o
LOAD ./Drivers/STM32F4xx_HAL_Driver/Src/stm32f4xx_hal_gpio.o
LOAD ./Drivers/STM32F4xx_HAL_Driver/Src/stm32f4xx_hal_i2c.o
LOAD ./Drivers/STM32F4xx_HAL_Driver/Src/stm32f4xx_hal_i2c_ex.o
LOAD ./Drivers/STM32F4xx_HAL_Driver/Src/stm32f4xx_hal_pwr.o
LOAD ./Drivers/STM32F4xx_HAL_Driver/Src/stm32f4xx_hal_pwr_ex.o
LOAD ./Drivers/STM32F4xx_HAL_Driver/Src/stm32f4xx_hal_rcc.o
LOAD ./Drivers/STM32F4xx_HAL_Driver/Src/stm32f4xx_hal_rcc_ex.o
LOAD ./Drivers/STM32F4xx_HAL_Driver/Src/stm32f4xx_hal_tim.o
LOAD ./Drivers/STM32F4xx_HAL_Driver/Src/stm32f4xx_hal_tim_ex.o
LOAD ./Drivers/STM32F4xx_HAL_Driver/Src/stm32f4xx_hal_uart.o
LOAD ./Drivers/STM32F4xx_HAL_Driver/Src/stm32f4xx_ll_adc.o
START GROUP
LOAD c:/st/stm32cubeide_1.12.1/stm32cubeide/plugins/com.st.stm32cube.ide.mcu.externaltools.gnu-tools-for-stm32.10.3-2021.10.win32_1.0.200.202301161003/tools/bin/../lib/gcc/arm-none-eabi/10.3.1/../../../../arm-none-eabi/lib/thumb/v7e-m+fp/hard\libc_nano.a
LOAD c:/st/stm32cubeide_1.12.1/stm32cubeide/plugins/com.st.stm32cube.ide.mcu.externaltools.gnu-tools-for-stm32.10.3-2021.10.win32_1.0.200.202301161003/tools/bin/../lib/gcc/arm-none-eabi/10.3.1/../../../../arm-none-eabi/lib/thumb/v7e-m+fp/hard\libm.a
END GROUP
START GROUP
LOAD c:/st/stm32cubeide_1.12.1/stm32cubeide/plugins/com.st.stm32cube.ide.mcu.externaltools.gnu-tools-for-stm32.10.3-2021.10.win32_1.0.200.202301161003/tools/bin/../lib/gcc/arm-none-eabi/10.3.1/thumb/v7e-m+fp/hard\libgcc.a
LOAD c:/st/stm32cubeide_1.12.1/stm32cubeide/plugins/com.st.stm32cube.ide.mcu.externaltools.gnu-tools-for-stm32.10.3-2021.10.win32_1.0.200.202301161003/tools/bin/../lib/gcc/arm-none-eabi/10.3.1/../../../../arm-none-eabi/lib/thumb/v7e-m+fp/hard\libc_nano.a
END GROUP
START GROUP
LOAD c:/st/stm32cubeide_1.12.1/stm32cubeide/plugins/com.st.stm32cube.ide.mcu.externaltools.gnu-tools-for-stm32.10.3-2021.10.win32_1.0.200.202301161003/tools/bin/../lib/gcc/arm-none-eabi/10.3.1/thumb/v7e-m+fp/hard\libgcc.a
LOAD c:/st/stm32cubeide_1.12.1/stm32cubeide/plugins/com.st.stm32cube.ide.mcu.externaltools.gnu-tools-for-stm32.10.3-2021.10.win32_1.0.200.202301161003/tools/bin/../lib/gcc/arm-none-eabi/10.3.1/../../../../arm-none-eabi/lib/thumb/v7e-m+fp/hard\libc_nano.a
LOAD c:/st/stm32cubeide_1.12.1/stm32cubeide/plugins/com.st.stm32cube.ide.mcu.externaltools.gnu-tools-for-stm32.10.3-2021.10.win32_1.0.200.202301161003/tools/bin/../lib/gcc/arm-none-eabi/10.3.1/../../../../arm-none-eabi/lib/thumb/v7e-m+fp/hard\libnosys.a
END GROUP
START GROUP
LOAD c:/st/stm32cubeide_1.12.1/stm32cubeide/plugins/com.st.stm32cube.ide.mcu.externaltools.gnu-tools-for-stm32.10.3-2021.10.win32_1.0.200.202301161003/tools/bin/../lib/gcc/arm-none-eabi/10.3.1/thumb/v7e-m+fp/hard\libgcc.a
LOAD c:/st/stm32cubeide_1.12.1/stm32cubeide/plugins/com.st.stm32cube.ide.mcu.externaltools.gnu-tools-for-stm32.10.3-2021.10.win32_1.0.200.202301161003/tools/bin/../lib/gcc/arm-none-eabi/10.3.1/../../../../arm-none-eabi/lib/thumb/v7e-m+fp/hard\libc_nano.a
LOAD c:/st/stm32cubeide_1.12.1/stm32cubeide/plugins/com.st.stm32cube.ide.mcu.externaltools.gnu-tools-for-stm32.10.3-2021.10.win32_1.0.200.202301161003/tools/bin/../lib/gcc/arm-none-eabi/10.3.1/../../../../arm-none-eabi/lib/thumb/v7e-m+fp/hard\libnosys.a
END GROUP
LOAD c:/st/stm32cubeide_1.12.1/stm32cubeide/plugins/com.st.stm32cube.ide.mcu.externaltools.gnu-tools-for-stm32.10.3-2021.10.win32_1.0.200.202301161003/tools/bin/../lib/gcc/arm-none-eabi/10.3.1/thumb/v7e-m+fp/hard/crtend.o
LOAD c:/st/stm32cubeide_1.12.1/stm32cubeide/plugins/com.st.stm32cube.ide.mcu.externaltools.gnu-tools-for-stm32.10.3-2021.10.win32_1.0.200.202301161003/tools/bin/../lib/gcc/arm-none-eabi/10.3.1/thumb/v7e-m+fp/hard/crtn.o
                0x0000000020018000                _estack = (ORIGIN (RAM) + LENGTH (RAM))
                0x0000000000000200                _Min_Heap_Size = 0x200
                0x0000000000000400                _Min_Stack_Size = 0x400

.isr_vector     0x0000000008000000      0x194
                0x0000000008000000                . = ALIGN (0x4)
 *(.isr_vector)
 .isr_vector    0x0000000008000000      0x194 ./Core/Startup/startup_stm32f401retx.o
                0x0000000008000000                g_pfnVectors
                0x0000000008000194                . = ALIGN (0x4)

.text           0x0000000008000194     0x9014
                0x0000000008000194                . = ALIGN (0x4)
 *(.text)
 .text          0x0000000008000194       0x40 c:/st/stm32cubeide_1.12.1/stm32cubeide/plugins/com.st.stm32cube.ide.mcu.externaltools.gnu-tools-for-stm32.10.3-2021.10.win32_1.0.200.202301161003/tools/bin/../lib/gcc/arm-none-eabi/10.3.1/thumb/v7e-m+fp/hard/crtbegin.o
 .text          0x00000000080001d4       0x30 c:/st/stm32cubeide_1.12.1/stm32cubeide/plugins/com.st.stm32cube.ide.mcu.externaltools.gnu-tools-for-stm32.10.3-2021.10.win32_1.0.200.202301161003/tools/bin/../lib/gcc/arm-none-eabi/10.3.1/thumb/v7e-m+fp/hard\libgcc.a(_aeabi_uldivmod.o)
                0x00000000080001d4                __aeabi_uldivmod
 .text          0x0000000008000204      0x2d0 c:/st/stm32cubeide_1.12.1/stm32cubeide/plugins/com.st.stm32cube.ide.mcu.externaltools.gnu-tools-for-stm32.10.3-2021.10.win32_1.0.200.202301161003/tools/bin/../lib/gcc/arm-none-eabi/10.3.1/thumb/v7e-m+fp/hard\libgcc.a(_udivmoddi4.o)
                0x0000000008000204                __udivmoddi4
 .text          0x00000000080004d4        0x4 c:/st/stm32cubeide_1.12.1/stm32cubeide/plugins/com.st.stm32cube.ide.mcu.externaltools.gnu-tools-for-stm32.10.3-2021.10.win32_1.0.200.202301161003/tools/bin/../lib/gcc/arm-none-eabi/10.3.1/thumb/v7e-m+fp/hard\libgcc.a(_dvmd_tls.o)
                0x00000000080004d4                __aeabi_idiv0
                0x00000000080004d4                __aeabi_ldiv0
 *(.text*)
 .text.HAL_UART_RxCpltCallback
                0x00000000080004d8       0x88 ./Core/Src/main.o
                0x00000000080004d8                HAL_UART_RxCpltCallback
 .text.HAL_ADC_ConvCpltCallback
                0x0000000008000560       0x38 ./Core/Src/main.o
                0x0000000008000560                HAL_ADC_ConvCpltCallback
 .text.HAL_TIM_PeriodElapsedCallback
                0x0000000008000598       0x9c ./Core/Src/main.o
                0x0000000008000598                HAL_TIM_PeriodElapsedCallback
 .text.DecodeAnsESP
                0x0000000008000634      0xc98 ./Core/Src/main.o
                0x0000000008000634                DecodeAnsESP
 .text.findTheLine
                0x00000000080012cc      0x25c ./Core/Src/main.o
                0x00000000080012cc                findTheLine
 .text.readADC  0x0000000008001528      0x194 ./Core/Src/main.o
                0x0000000008001528                readADC
 .text.uartTX   0x00000000080016bc       0x9c ./Core/Src/main.o
                0x00000000080016bc                uartTX
 .text.initESP  0x0000000008001758      0x1a0 ./Core/Src/main.o
                0x0000000008001758                initESP
 .text.udpCom   0x00000000080018f8      0x210 ./Core/Src/main.o
                0x00000000080018f8                udpCom
 .text.DecodeQT
                0x0000000008001b08      0x18c ./Core/Src/main.o
                0x0000000008001b08                DecodeQT
 .text.DecodeCommands
                0x0000000008001c94      0x3ec ./Core/Src/main.o
                0x0000000008001c94                DecodeCommands
 .text.calculatePID
                0x0000000008002080      0x144 ./Core/Src/main.o
                0x0000000008002080                calculatePID
 .text.main     0x00000000080021c4      0x454 ./Core/Src/main.o
                0x00000000080021c4                main
 .text.SystemClock_Config
                0x0000000008002618       0xd8 ./Core/Src/main.o
                0x0000000008002618                SystemClock_Config
 .text.MX_ADC1_Init
                0x00000000080026f0      0x168 ./Core/Src/main.o
 .text.MX_I2C1_Init
                0x0000000008002858       0x5c ./Core/Src/main.o
 .text.MX_TIM3_Init
                0x00000000080028b4      0x12c ./Core/Src/main.o
 .text.MX_TIM4_Init
                0x00000000080029e0       0x9c ./Core/Src/main.o
 .text.MX_USART1_UART_Init
                0x0000000008002a7c       0x54 ./Core/Src/main.o
 .text.MX_USART2_UART_Init
                0x0000000008002ad0       0x54 ./Core/Src/main.o
 .text.MX_DMA_Init
                0x0000000008002b24       0x40 ./Core/Src/main.o
 .text.MX_GPIO_Init
                0x0000000008002b64       0xdc ./Core/Src/main.o
 .text.Error_Handler
                0x0000000008002c40        0xa ./Core/Src/main.o
                0x0000000008002c40                Error_Handler
 *fill*         0x0000000008002c4a        0x2 
 .text.HAL_MspInit
                0x0000000008002c4c       0x50 ./Core/Src/stm32f4xx_hal_msp.o
                0x0000000008002c4c                HAL_MspInit
 .text.HAL_ADC_MspInit
                0x0000000008002c9c      0x170 ./Core/Src/stm32f4xx_hal_msp.o
                0x0000000008002c9c                HAL_ADC_MspInit
 .text.HAL_I2C_MspInit
                0x0000000008002e0c       0xb0 ./Core/Src/stm32f4xx_hal_msp.o
                0x0000000008002e0c                HAL_I2C_MspInit
 .text.HAL_TIM_Base_MspInit
                0x0000000008002ebc       0x7c ./Core/Src/stm32f4xx_hal_msp.o
                0x0000000008002ebc                HAL_TIM_Base_MspInit
 .text.HAL_TIM_MspPostInit
                0x0000000008002f38       0x74 ./Core/Src/stm32f4xx_hal_msp.o
                0x0000000008002f38                HAL_TIM_MspPostInit
 .text.HAL_UART_MspInit
                0x0000000008002fac      0x108 ./Core/Src/stm32f4xx_hal_msp.o
                0x0000000008002fac                HAL_UART_MspInit
 .text.NMI_Handler
                0x00000000080030b4        0x6 ./Core/Src/stm32f4xx_it.o
                0x00000000080030b4                NMI_Handler
 .text.HardFault_Handler
                0x00000000080030ba        0x6 ./Core/Src/stm32f4xx_it.o
                0x00000000080030ba                HardFault_Handler
 .text.MemManage_Handler
                0x00000000080030c0        0x6 ./Core/Src/stm32f4xx_it.o
                0x00000000080030c0                MemManage_Handler
 .text.BusFault_Handler
                0x00000000080030c6        0x6 ./Core/Src/stm32f4xx_it.o
                0x00000000080030c6                BusFault_Handler
 .text.UsageFault_Handler
                0x00000000080030cc        0x6 ./Core/Src/stm32f4xx_it.o
                0x00000000080030cc                UsageFault_Handler
 .text.SVC_Handler
                0x00000000080030d2        0xe ./Core/Src/stm32f4xx_it.o
                0x00000000080030d2                SVC_Handler
 .text.DebugMon_Handler
                0x00000000080030e0        0xe ./Core/Src/stm32f4xx_it.o
                0x00000000080030e0                DebugMon_Handler
 .text.PendSV_Handler
                0x00000000080030ee        0xe ./Core/Src/stm32f4xx_it.o
                0x00000000080030ee                PendSV_Handler
 .text.SysTick_Handler
                0x00000000080030fc        0xc ./Core/Src/stm32f4xx_it.o
                0x00000000080030fc                SysTick_Handler
 .text.ADC_IRQHandler
                0x0000000008003108       0x14 ./Core/Src/stm32f4xx_it.o
                0x0000000008003108                ADC_IRQHandler
 .text.TIM3_IRQHandler
                0x000000000800311c       0x14 ./Core/Src/stm32f4xx_it.o
                0x000000000800311c                TIM3_IRQHandler
 .text.I2C1_EV_IRQHandler
                0x0000000008003130       0x14 ./Core/Src/stm32f4xx_it.o
                0x0000000008003130                I2C1_EV_IRQHandler
 .text.I2C1_ER_IRQHandler
                0x0000000008003144       0x14 ./Core/Src/stm32f4xx_it.o
                0x0000000008003144                I2C1_ER_IRQHandler
 .text.USART1_IRQHandler
                0x0000000008003158       0x14 ./Core/Src/stm32f4xx_it.o
                0x0000000008003158                USART1_IRQHandler
 .text.DMA2_Stream0_IRQHandler
                0x000000000800316c       0x14 ./Core/Src/stm32f4xx_it.o
                0x000000000800316c                DMA2_Stream0_IRQHandler
 .text.SystemInit
                0x0000000008003180       0x24 ./Core/Src/system_stm32f4xx.o
                0x0000000008003180                SystemInit
 .text.Reset_Handler
                0x00000000080031a4       0x50 ./Core/Startup/startup_stm32f401retx.o
                0x00000000080031a4                Reset_Handler
 .text.Default_Handler
                0x00000000080031f4        0x2 ./Core/Startup/startup_stm32f401retx.o
                0x00000000080031f4                RTC_Alarm_IRQHandler
                0x00000000080031f4                EXTI2_IRQHandler
                0x00000000080031f4                SPI4_IRQHandler
                0x00000000080031f4                TIM1_CC_IRQHandler
                0x00000000080031f4                DMA2_Stream5_IRQHandler
                0x00000000080031f4                DMA1_Stream5_IRQHandler
                0x00000000080031f4                PVD_IRQHandler
                0x00000000080031f4                SDIO_IRQHandler
                0x00000000080031f4                TAMP_STAMP_IRQHandler
                0x00000000080031f4                EXTI3_IRQHandler
                0x00000000080031f4                TIM1_UP_TIM10_IRQHandler
                0x00000000080031f4                I2C3_ER_IRQHandler
                0x00000000080031f4                EXTI0_IRQHandler
                0x00000000080031f4                I2C2_EV_IRQHandler
                0x00000000080031f4                DMA1_Stream2_IRQHandler
                0x00000000080031f4                FPU_IRQHandler
                0x00000000080031f4                DMA2_Stream2_IRQHandler
                0x00000000080031f4                SPI1_IRQHandler
                0x00000000080031f4                TIM1_BRK_TIM9_IRQHandler
                0x00000000080031f4                DMA2_Stream3_IRQHandler
                0x00000000080031f4                USART6_IRQHandler
                0x00000000080031f4                TIM4_IRQHandler
                0x00000000080031f4                DMA1_Stream6_IRQHandler
                0x00000000080031f4                DMA1_Stream1_IRQHandler
                0x00000000080031f4                RCC_IRQHandler
                0x00000000080031f4                Default_Handler
                0x00000000080031f4                EXTI15_10_IRQHandler
                0x00000000080031f4                DMA1_Stream7_IRQHandler
                0x00000000080031f4                TIM5_IRQHandler
                0x00000000080031f4                DMA2_Stream7_IRQHandler
                0x00000000080031f4                I2C3_EV_IRQHandler
                0x00000000080031f4                EXTI9_5_IRQHandler
                0x00000000080031f4                RTC_WKUP_IRQHandler
                0x00000000080031f4                SPI2_IRQHandler
                0x00000000080031f4                DMA1_Stream0_IRQHandler
                0x00000000080031f4                EXTI4_IRQHandler
                0x00000000080031f4                WWDG_IRQHandler
                0x00000000080031f4                TIM2_IRQHandler
                0x00000000080031f4                OTG_FS_WKUP_IRQHandler
                0x00000000080031f4                TIM1_TRG_COM_TIM11_IRQHandler
                0x00000000080031f4                EXTI1_IRQHandler
                0x00000000080031f4                USART2_IRQHandler
                0x00000000080031f4                I2C2_ER_IRQHandler
                0x00000000080031f4                DMA2_Stream1_IRQHandler
                0x00000000080031f4                FLASH_IRQHandler
                0x00000000080031f4                DMA2_Stream4_IRQHandler
                0x00000000080031f4                OTG_FS_IRQHandler
                0x00000000080031f4                SPI3_IRQHandler
                0x00000000080031f4                DMA1_Stream4_IRQHandler
                0x00000000080031f4                DMA2_Stream6_IRQHandler
                0x00000000080031f4                DMA1_Stream3_IRQHandler
 *fill*         0x00000000080031f6        0x2 
 .text.HAL_Init
                0x00000000080031f8       0x44 ./Drivers/STM32F4xx_HAL_Driver/Src/stm32f4xx_hal.o
                0x00000000080031f8                HAL_Init
 .text.HAL_InitTick
                0x000000000800323c       0x60 ./Drivers/STM32F4xx_HAL_Driver/Src/stm32f4xx_hal.o
                0x000000000800323c                HAL_InitTick
 .text.HAL_IncTick
                0x000000000800329c       0x28 ./Drivers/STM32F4xx_HAL_Driver/Src/stm32f4xx_hal.o
                0x000000000800329c                HAL_IncTick
 .text.HAL_GetTick
                0x00000000080032c4       0x18 ./Drivers/STM32F4xx_HAL_Driver/Src/stm32f4xx_hal.o
                0x00000000080032c4                HAL_GetTick
 .text.HAL_ADC_Init
                0x00000000080032dc       0x86 ./Drivers/STM32F4xx_HAL_Driver/Src/stm32f4xx_hal_adc.o
                0x00000000080032dc                HAL_ADC_Init
 .text.HAL_ADC_IRQHandler
                0x0000000008003362      0x220 ./Drivers/STM32F4xx_HAL_Driver/Src/stm32f4xx_hal_adc.o
                0x0000000008003362                HAL_ADC_IRQHandler
 *fill*         0x0000000008003582        0x2 
 .text.HAL_ADC_Start_DMA
                0x0000000008003584      0x1e0 ./Drivers/STM32F4xx_HAL_Driver/Src/stm32f4xx_hal_adc.o
                0x0000000008003584                HAL_ADC_Start_DMA
 .text.HAL_ADC_ConvHalfCpltCallback
                0x0000000008003764       0x14 ./Drivers/STM32F4xx_HAL_Driver/Src/stm32f4xx_hal_adc.o
                0x0000000008003764                HAL_ADC_ConvHalfCpltCallback
 .text.HAL_ADC_LevelOutOfWindowCallback
                0x0000000008003778       0x14 ./Drivers/STM32F4xx_HAL_Driver/Src/stm32f4xx_hal_adc.o
                0x0000000008003778                HAL_ADC_LevelOutOfWindowCallback
 .text.HAL_ADC_ErrorCallback
                0x000000000800378c       0x14 ./Drivers/STM32F4xx_HAL_Driver/Src/stm32f4xx_hal_adc.o
                0x000000000800378c                HAL_ADC_ErrorCallback
 .text.HAL_ADC_ConfigChannel
                0x00000000080037a0      0x244 ./Drivers/STM32F4xx_HAL_Driver/Src/stm32f4xx_hal_adc.o
                0x00000000080037a0                HAL_ADC_ConfigChannel
 .text.ADC_Init
                0x00000000080039e4      0x1f8 ./Drivers/STM32F4xx_HAL_Driver/Src/stm32f4xx_hal_adc.o
 .text.ADC_DMAConvCplt
                0x0000000008003bdc       0xba ./Drivers/STM32F4xx_HAL_Driver/Src/stm32f4xx_hal_adc.o
 .text.ADC_DMAHalfConvCplt
                0x0000000008003c96       0x1c ./Drivers/STM32F4xx_HAL_Driver/Src/stm32f4xx_hal_adc.o
 .text.ADC_DMAError
                0x0000000008003cb2       0x2e ./Drivers/STM32F4xx_HAL_Driver/Src/stm32f4xx_hal_adc.o
 .text.HAL_ADCEx_InjectedConvCpltCallback
                0x0000000008003ce0       0x14 ./Drivers/STM32F4xx_HAL_Driver/Src/stm32f4xx_hal_adc_ex.o
                0x0000000008003ce0                HAL_ADCEx_InjectedConvCpltCallback
 .text.__NVIC_SetPriorityGrouping
                0x0000000008003cf4       0x48 ./Drivers/STM32F4xx_HAL_Driver/Src/stm32f4xx_hal_cortex.o
 .text.__NVIC_GetPriorityGrouping
                0x0000000008003d3c       0x1c ./Drivers/STM32F4xx_HAL_Driver/Src/stm32f4xx_hal_cortex.o
 .text.__NVIC_EnableIRQ
                0x0000000008003d58       0x3c ./Drivers/STM32F4xx_HAL_Driver/Src/stm32f4xx_hal_cortex.o
 .text.__NVIC_SetPriority
                0x0000000008003d94       0x54 ./Drivers/STM32F4xx_HAL_Driver/Src/stm32f4xx_hal_cortex.o
 .text.NVIC_EncodePriority
                0x0000000008003de8       0x66 ./Drivers/STM32F4xx_HAL_Driver/Src/stm32f4xx_hal_cortex.o
 *fill*         0x0000000008003e4e        0x2 
 .text.SysTick_Config
                0x0000000008003e50       0x44 ./Drivers/STM32F4xx_HAL_Driver/Src/stm32f4xx_hal_cortex.o
 .text.HAL_NVIC_SetPriorityGrouping
                0x0000000008003e94       0x16 ./Drivers/STM32F4xx_HAL_Driver/Src/stm32f4xx_hal_cortex.o
                0x0000000008003e94                HAL_NVIC_SetPriorityGrouping
 .text.HAL_NVIC_SetPriority
                0x0000000008003eaa       0x38 ./Drivers/STM32F4xx_HAL_Driver/Src/stm32f4xx_hal_cortex.o
                0x0000000008003eaa                HAL_NVIC_SetPriority
 .text.HAL_NVIC_EnableIRQ
                0x0000000008003ee2       0x1c ./Drivers/STM32F4xx_HAL_Driver/Src/stm32f4xx_hal_cortex.o
                0x0000000008003ee2                HAL_NVIC_EnableIRQ
 .text.HAL_SYSTICK_Config
                0x0000000008003efe       0x18 ./Drivers/STM32F4xx_HAL_Driver/Src/stm32f4xx_hal_cortex.o
                0x0000000008003efe                HAL_SYSTICK_Config
 *fill*         0x0000000008003f16        0x2 
 .text.HAL_DMA_Init
                0x0000000008003f18      0x15c ./Drivers/STM32F4xx_HAL_Driver/Src/stm32f4xx_hal_dma.o
                0x0000000008003f18                HAL_DMA_Init
 .text.HAL_DMA_Start_IT
                0x0000000008004074       0xb0 ./Drivers/STM32F4xx_HAL_Driver/Src/stm32f4xx_hal_dma.o
                0x0000000008004074                HAL_DMA_Start_IT
 .text.HAL_DMA_Abort
                0x0000000008004124       0xe0 ./Drivers/STM32F4xx_HAL_Driver/Src/stm32f4xx_hal_dma.o
                0x0000000008004124                HAL_DMA_Abort
 .text.HAL_DMA_Abort_IT
                0x0000000008004204       0x44 ./Drivers/STM32F4xx_HAL_Driver/Src/stm32f4xx_hal_dma.o
                0x0000000008004204                HAL_DMA_Abort_IT
 .text.HAL_DMA_IRQHandler
                0x0000000008004248      0x314 ./Drivers/STM32F4xx_HAL_Driver/Src/stm32f4xx_hal_dma.o
                0x0000000008004248                HAL_DMA_IRQHandler
 .text.HAL_DMA_GetState
                0x000000000800455c       0x1c ./Drivers/STM32F4xx_HAL_Driver/Src/stm32f4xx_hal_dma.o
                0x000000000800455c                HAL_DMA_GetState
 .text.DMA_SetConfig
                0x0000000008004578       0x5c ./Drivers/STM32F4xx_HAL_Driver/Src/stm32f4xx_hal_dma.o
 .text.DMA_CalcBaseAndBitshift
                0x00000000080045d4       0x6c ./Drivers/STM32F4xx_HAL_Driver/Src/stm32f4xx_hal_dma.o
 .text.DMA_CheckFifoParam
                0x0000000008004640       0xf8 ./Drivers/STM32F4xx_HAL_Driver/Src/stm32f4xx_hal_dma.o
 .text.HAL_GPIO_Init
                0x0000000008004738      0x308 ./Drivers/STM32F4xx_HAL_Driver/Src/stm32f4xx_hal_gpio.o
                0x0000000008004738                HAL_GPIO_Init
 .text.HAL_GPIO_ReadPin
                0x0000000008004a40       0x30 ./Drivers/STM32F4xx_HAL_Driver/Src/stm32f4xx_hal_gpio.o
                0x0000000008004a40                HAL_GPIO_ReadPin
 .text.HAL_GPIO_WritePin
                0x0000000008004a70       0x32 ./Drivers/STM32F4xx_HAL_Driver/Src/stm32f4xx_hal_gpio.o
                0x0000000008004a70                HAL_GPIO_WritePin
 .text.HAL_GPIO_TogglePin
                0x0000000008004aa2       0x34 ./Drivers/STM32F4xx_HAL_Driver/Src/stm32f4xx_hal_gpio.o
                0x0000000008004aa2                HAL_GPIO_TogglePin
 *fill*         0x0000000008004ad6        0x2 
 .text.HAL_I2C_Init
                0x0000000008004ad8      0x288 ./Drivers/STM32F4xx_HAL_Driver/Src/stm32f4xx_hal_i2c.o
                0x0000000008004ad8                HAL_I2C_Init
 .text.HAL_I2C_EV_IRQHandler
                0x0000000008004d60      0x2e2 ./Drivers/STM32F4xx_HAL_Driver/Src/stm32f4xx_hal_i2c.o
                0x0000000008004d60                HAL_I2C_EV_IRQHandler
 .text.HAL_I2C_ER_IRQHandler
                0x0000000008005042      0x14e ./Drivers/STM32F4xx_HAL_Driver/Src/stm32f4xx_hal_i2c.o
                0x0000000008005042                HAL_I2C_ER_IRQHandler
 .text.HAL_I2C_MasterTxCpltCallback
                0x0000000008005190       0x14 ./Drivers/STM32F4xx_HAL_Driver/Src/stm32f4xx_hal_i2c.o
                0x0000000008005190                HAL_I2C_MasterTxCpltCallback
 .text.HAL_I2C_MasterRxCpltCallback
                0x00000000080051a4       0x14 ./Drivers/STM32F4xx_HAL_Driver/Src/stm32f4xx_hal_i2c.o
                0x00000000080051a4                HAL_I2C_MasterRxCpltCallback
 .text.HAL_I2C_SlaveTxCpltCallback
                0x00000000080051b8       0x14 ./Drivers/STM32F4xx_HAL_Driver/Src/stm32f4xx_hal_i2c.o
                0x00000000080051b8                HAL_I2C_SlaveTxCpltCallback
 .text.HAL_I2C_SlaveRxCpltCallback
                0x00000000080051cc       0x14 ./Drivers/STM32F4xx_HAL_Driver/Src/stm32f4xx_hal_i2c.o
                0x00000000080051cc                HAL_I2C_SlaveRxCpltCallback
 .text.HAL_I2C_AddrCallback
                0x00000000080051e0       0x1c ./Drivers/STM32F4xx_HAL_Driver/Src/stm32f4xx_hal_i2c.o
                0x00000000080051e0                HAL_I2C_AddrCallback
 .text.HAL_I2C_ListenCpltCallback
                0x00000000080051fc       0x14 ./Drivers/STM32F4xx_HAL_Driver/Src/stm32f4xx_hal_i2c.o
                0x00000000080051fc                HAL_I2C_ListenCpltCallback
 .text.HAL_I2C_MemTxCpltCallback
                0x0000000008005210       0x14 ./Drivers/STM32F4xx_HAL_Driver/Src/stm32f4xx_hal_i2c.o
                0x0000000008005210                HAL_I2C_MemTxCpltCallback
 .text.HAL_I2C_MemRxCpltCallback
                0x0000000008005224       0x14 ./Drivers/STM32F4xx_HAL_Driver/Src/stm32f4xx_hal_i2c.o
                0x0000000008005224                HAL_I2C_MemRxCpltCallback
 .text.HAL_I2C_ErrorCallback
                0x0000000008005238       0x14 ./Drivers/STM32F4xx_HAL_Driver/Src/stm32f4xx_hal_i2c.o
                0x0000000008005238                HAL_I2C_ErrorCallback
 .text.HAL_I2C_AbortCpltCallback
                0x000000000800524c       0x14 ./Drivers/STM32F4xx_HAL_Driver/Src/stm32f4xx_hal_i2c.o
                0x000000000800524c                HAL_I2C_AbortCpltCallback
 .text.I2C_MasterTransmit_TXE
                0x0000000008005260      0x138 ./Drivers/STM32F4xx_HAL_Driver/Src/stm32f4xx_hal_i2c.o
 .text.I2C_MasterTransmit_BTF
                0x0000000008005398       0xec ./Drivers/STM32F4xx_HAL_Driver/Src/stm32f4xx_hal_i2c.o
 .text.I2C_MemoryTransmit_TXE_BTF
                0x0000000008005484      0x128 ./Drivers/STM32F4xx_HAL_Driver/Src/stm32f4xx_hal_i2c.o
 .text.I2C_MasterReceive_RXNE
                0x00000000080055ac      0x176 ./Drivers/STM32F4xx_HAL_Driver/Src/stm32f4xx_hal_i2c.o
 .text.I2C_MasterReceive_BTF
                0x0000000008005722      0x1d4 ./Drivers/STM32F4xx_HAL_Driver/Src/stm32f4xx_hal_i2c.o
 .text.I2C_Master_SB
                0x00000000080058f6      0x10c ./Drivers/STM32F4xx_HAL_Driver/Src/stm32f4xx_hal_i2c.o
 .text.I2C_Master_ADD10
                0x0000000008005a02       0x54 ./Drivers/STM32F4xx_HAL_Driver/Src/stm32f4xx_hal_i2c.o
 .text.I2C_Master_ADDR
                0x0000000008005a56      0x322 ./Drivers/STM32F4xx_HAL_Driver/Src/stm32f4xx_hal_i2c.o
 .text.I2C_SlaveTransmit_TXE
                0x0000000008005d78       0x7a ./Drivers/STM32F4xx_HAL_Driver/Src/stm32f4xx_hal_i2c.o
 .text.I2C_SlaveTransmit_BTF
                0x0000000008005df2       0x42 ./Drivers/STM32F4xx_HAL_Driver/Src/stm32f4xx_hal_i2c.o
 .text.I2C_SlaveReceive_RXNE
                0x0000000008005e34       0x7c ./Drivers/STM32F4xx_HAL_Driver/Src/stm32f4xx_hal_i2c.o
 .text.I2C_SlaveReceive_BTF
                0x0000000008005eb0       0x44 ./Drivers/STM32F4xx_HAL_Driver/Src/stm32f4xx_hal_i2c.o
 .text.I2C_Slave_ADDR
                0x0000000008005ef4       0x94 ./Drivers/STM32F4xx_HAL_Driver/Src/stm32f4xx_hal_i2c.o
 .text.I2C_Slave_STOPF
                0x0000000008005f88      0x260 ./Drivers/STM32F4xx_HAL_Driver/Src/stm32f4xx_hal_i2c.o
 .text.I2C_Slave_AF
                0x00000000080061e8       0xe0 ./Drivers/STM32F4xx_HAL_Driver/Src/stm32f4xx_hal_i2c.o
 .text.I2C_ITError
                0x00000000080062c8      0x264 ./Drivers/STM32F4xx_HAL_Driver/Src/stm32f4xx_hal_i2c.o
 .text.I2C_DMAAbort
                0x000000000800652c      0x150 ./Drivers/STM32F4xx_HAL_Driver/Src/stm32f4xx_hal_i2c.o
 .text.I2C_WaitOnSTOPRequestThroughIT
                0x000000000800667c       0x64 ./Drivers/STM32F4xx_HAL_Driver/Src/stm32f4xx_hal_i2c.o
 .text.I2C_ConvertOtherXferOptions
                0x00000000080066e0       0x36 ./Drivers/STM32F4xx_HAL_Driver/Src/stm32f4xx_hal_i2c.o
 *fill*         0x0000000008006716        0x2 
 .text.HAL_RCC_OscConfig
                0x0000000008006718      0x4f0 ./Drivers/STM32F4xx_HAL_Driver/Src/stm32f4xx_hal_rcc.o
                0x0000000008006718                HAL_RCC_OscConfig
 .text.HAL_RCC_ClockConfig
                0x0000000008006c08      0x1cc ./Drivers/STM32F4xx_HAL_Driver/Src/stm32f4xx_hal_rcc.o
                0x0000000008006c08                HAL_RCC_ClockConfig
 .text.HAL_RCC_GetSysClockFreq
                0x0000000008006dd4      0x20c ./Drivers/STM32F4xx_HAL_Driver/Src/stm32f4xx_hal_rcc.o
                0x0000000008006dd4                HAL_RCC_GetSysClockFreq
 .text.HAL_RCC_GetHCLKFreq
                0x0000000008006fe0       0x18 ./Drivers/STM32F4xx_HAL_Driver/Src/stm32f4xx_hal_rcc.o
                0x0000000008006fe0                HAL_RCC_GetHCLKFreq
 .text.HAL_RCC_GetPCLK1Freq
                0x0000000008006ff8       0x28 ./Drivers/STM32F4xx_HAL_Driver/Src/stm32f4xx_hal_rcc.o
                0x0000000008006ff8                HAL_RCC_GetPCLK1Freq
 .text.HAL_RCC_GetPCLK2Freq
                0x0000000008007020       0x28 ./Drivers/STM32F4xx_HAL_Driver/Src/stm32f4xx_hal_rcc.o
                0x0000000008007020                HAL_RCC_GetPCLK2Freq
 .text.HAL_TIM_Base_Init
                0x0000000008007048       0x9e ./Drivers/STM32F4xx_HAL_Driver/Src/stm32f4xx_hal_tim.o
                0x0000000008007048                HAL_TIM_Base_Init
 *fill*         0x00000000080070e6        0x2 
 .text.HAL_TIM_Base_Start
                0x00000000080070e8       0xb4 ./Drivers/STM32F4xx_HAL_Driver/Src/stm32f4xx_hal_tim.o
                0x00000000080070e8                HAL_TIM_Base_Start
 .text.HAL_TIM_Base_Start_IT
                0x000000000800719c       0xc4 ./Drivers/STM32F4xx_HAL_Driver/Src/stm32f4xx_hal_tim.o
                0x000000000800719c                HAL_TIM_Base_Start_IT
 .text.HAL_TIM_PWM_Init
                0x0000000008007260       0x9e ./Drivers/STM32F4xx_HAL_Driver/Src/stm32f4xx_hal_tim.o
                0x0000000008007260                HAL_TIM_PWM_Init
 .text.HAL_TIM_PWM_MspInit
                0x00000000080072fe       0x14 ./Drivers/STM32F4xx_HAL_Driver/Src/stm32f4xx_hal_tim.o
                0x00000000080072fe                HAL_TIM_PWM_MspInit
 *fill*         0x0000000008007312        0x2 
 .text.HAL_TIM_PWM_Start
                0x0000000008007314      0x160 ./Drivers/STM32F4xx_HAL_Driver/Src/stm32f4xx_hal_tim.o
                0x0000000008007314                HAL_TIM_PWM_Start
 .text.HAL_TIM_IRQHandler
                0x0000000008007474      0x210 ./Drivers/STM32F4xx_HAL_Driver/Src/stm32f4xx_hal_tim.o
                0x0000000008007474                HAL_TIM_IRQHandler
 .text.HAL_TIM_PWM_ConfigChannel
                0x0000000008007684      0x184 ./Drivers/STM32F4xx_HAL_Driver/Src/stm32f4xx_hal_tim.o
                0x0000000008007684                HAL_TIM_PWM_ConfigChannel
 .text.HAL_TIM_ConfigClockSource
                0x0000000008007808      0x18e ./Drivers/STM32F4xx_HAL_Driver/Src/stm32f4xx_hal_tim.o
                0x0000000008007808                HAL_TIM_ConfigClockSource
 .text.HAL_TIM_OC_DelayElapsedCallback
                0x0000000008007996       0x14 ./Drivers/STM32F4xx_HAL_Driver/Src/stm32f4xx_hal_tim.o
                0x0000000008007996                HAL_TIM_OC_DelayElapsedCallback
 .text.HAL_TIM_IC_CaptureCallback
                0x00000000080079aa       0x14 ./Drivers/STM32F4xx_HAL_Driver/Src/stm32f4xx_hal_tim.o
                0x00000000080079aa                HAL_TIM_IC_CaptureCallback
 .text.HAL_TIM_PWM_PulseFinishedCallback
                0x00000000080079be       0x14 ./Drivers/STM32F4xx_HAL_Driver/Src/stm32f4xx_hal_tim.o
                0x00000000080079be                HAL_TIM_PWM_PulseFinishedCallback
 .text.HAL_TIM_TriggerCallback
                0x00000000080079d2       0x14 ./Drivers/STM32F4xx_HAL_Driver/Src/stm32f4xx_hal_tim.o
                0x00000000080079d2                HAL_TIM_TriggerCallback
 *fill*         0x00000000080079e6        0x2 
 .text.TIM_Base_SetConfig
                0x00000000080079e8      0x100 ./Drivers/STM32F4xx_HAL_Driver/Src/stm32f4xx_hal_tim.o
                0x00000000080079e8                TIM_Base_SetConfig
 .text.TIM_OC1_SetConfig
                0x0000000008007ae8       0xcc ./Drivers/STM32F4xx_HAL_Driver/Src/stm32f4xx_hal_tim.o
 .text.TIM_OC2_SetConfig
                0x0000000008007bb4       0xd8 ./Drivers/STM32F4xx_HAL_Driver/Src/stm32f4xx_hal_tim.o
                0x0000000008007bb4                TIM_OC2_SetConfig
 .text.TIM_OC3_SetConfig
                0x0000000008007c8c       0xd4 ./Drivers/STM32F4xx_HAL_Driver/Src/stm32f4xx_hal_tim.o
 .text.TIM_OC4_SetConfig
                0x0000000008007d60       0xa0 ./Drivers/STM32F4xx_HAL_Driver/Src/stm32f4xx_hal_tim.o
 .text.TIM_TI1_ConfigInputStage
                0x0000000008007e00       0x5e ./Drivers/STM32F4xx_HAL_Driver/Src/stm32f4xx_hal_tim.o
 .text.TIM_TI2_ConfigInputStage
                0x0000000008007e5e       0x60 ./Drivers/STM32F4xx_HAL_Driver/Src/stm32f4xx_hal_tim.o
 .text.TIM_ITRx_SetConfig
                0x0000000008007ebe       0x36 ./Drivers/STM32F4xx_HAL_Driver/Src/stm32f4xx_hal_tim.o
 .text.TIM_ETR_SetConfig
                0x0000000008007ef4       0x40 ./Drivers/STM32F4xx_HAL_Driver/Src/stm32f4xx_hal_tim.o
                0x0000000008007ef4                TIM_ETR_SetConfig
 .text.TIM_CCxChannelCmd
                0x0000000008007f34       0x4a ./Drivers/STM32F4xx_HAL_Driver/Src/stm32f4xx_hal_tim.o
                0x0000000008007f34                TIM_CCxChannelCmd
 *fill*         0x0000000008007f7e        0x2 
 .text.HAL_TIMEx_MasterConfigSynchronization
                0x0000000008007f80       0xdc ./Drivers/STM32F4xx_HAL_Driver/Src/stm32f4xx_hal_tim_ex.o
                0x0000000008007f80                HAL_TIMEx_MasterConfigSynchronization
 .text.HAL_TIMEx_CommutCallback
                0x000000000800805c       0x14 ./Drivers/STM32F4xx_HAL_Driver/Src/stm32f4xx_hal_tim_ex.o
                0x000000000800805c                HAL_TIMEx_CommutCallback
 .text.HAL_TIMEx_BreakCallback
                0x0000000008008070       0x14 ./Drivers/STM32F4xx_HAL_Driver/Src/stm32f4xx_hal_tim_ex.o
                0x0000000008008070                HAL_TIMEx_BreakCallback
 .text.HAL_UART_Init
                0x0000000008008084       0x9a ./Drivers/STM32F4xx_HAL_Driver/Src/stm32f4xx_hal_uart.o
                0x0000000008008084                HAL_UART_Init
 .text.HAL_UART_Receive_IT
                0x000000000800811e       0x60 ./Drivers/STM32F4xx_HAL_Driver/Src/stm32f4xx_hal_uart.o
                0x000000000800811e                HAL_UART_Receive_IT
 *fill*         0x000000000800817e        0x2 
 .text.HAL_UART_AbortReceive_IT
                0x0000000008008180      0x164 ./Drivers/STM32F4xx_HAL_Driver/Src/stm32f4xx_hal_uart.o
                0x0000000008008180                HAL_UART_AbortReceive_IT
 .text.HAL_UART_IRQHandler
                0x00000000080082e4      0x51c ./Drivers/STM32F4xx_HAL_Driver/Src/stm32f4xx_hal_uart.o
                0x00000000080082e4                HAL_UART_IRQHandler
 .text.HAL_UART_TxCpltCallback
                0x0000000008008800       0x14 ./Drivers/STM32F4xx_HAL_Driver/Src/stm32f4xx_hal_uart.o
                0x0000000008008800                HAL_UART_TxCpltCallback
 .text.HAL_UART_ErrorCallback
                0x0000000008008814       0x14 ./Drivers/STM32F4xx_HAL_Driver/Src/stm32f4xx_hal_uart.o
                0x0000000008008814                HAL_UART_ErrorCallback
 .text.HAL_UART_AbortReceiveCpltCallback
                0x0000000008008828       0x14 ./Drivers/STM32F4xx_HAL_Driver/Src/stm32f4xx_hal_uart.o
                0x0000000008008828                HAL_UART_AbortReceiveCpltCallback
 .text.HAL_UARTEx_RxEventCallback
                0x000000000800883c       0x18 ./Drivers/STM32F4xx_HAL_Driver/Src/stm32f4xx_hal_uart.o
                0x000000000800883c                HAL_UARTEx_RxEventCallback
 .text.UART_Start_Receive_IT
                0x0000000008008854       0x7c ./Drivers/STM32F4xx_HAL_Driver/Src/stm32f4xx_hal_uart.o
                0x0000000008008854                UART_Start_Receive_IT
 .text.UART_EndRxTransfer
                0x00000000080088d0       0xc6 ./Drivers/STM32F4xx_HAL_Driver/Src/stm32f4xx_hal_uart.o
 .text.UART_DMAAbortOnError
                0x0000000008008996       0x28 ./Drivers/STM32F4xx_HAL_Driver/Src/stm32f4xx_hal_uart.o
 .text.UART_DMARxOnlyAbortCallback
                0x00000000080089be       0x30 ./Drivers/STM32F4xx_HAL_Driver/Src/stm32f4xx_hal_uart.o
 .text.UART_Transmit_IT
                0x00000000080089ee       0xa0 ./Drivers/STM32F4xx_HAL_Driver/Src/stm32f4xx_hal_uart.o
 .text.UART_EndTransmit_IT
                0x0000000008008a8e       0x30 ./Drivers/STM32F4xx_HAL_Driver/Src/stm32f4xx_hal_uart.o
 .text.UART_Receive_IT
                0x0000000008008abe      0x176 ./Drivers/STM32F4xx_HAL_Driver/Src/stm32f4xx_hal_uart.o
 .text.UART_SetConfig
                0x0000000008008c34      0x4e8 ./Drivers/STM32F4xx_HAL_Driver/Src/stm32f4xx_hal_uart.o
 .text.__libc_init_array
                0x000000000800911c       0x48 c:/st/stm32cubeide_1.12.1/stm32cubeide/plugins/com.st.stm32cube.ide.mcu.externaltools.gnu-tools-for-stm32.10.3-2021.10.win32_1.0.200.202301161003/tools/bin/../lib/gcc/arm-none-eabi/10.3.1/../../../../arm-none-eabi/lib/thumb/v7e-m+fp/hard\libc_nano.a(lib_a-init.o)
                0x000000000800911c                __libc_init_array
 .text.memcpy   0x0000000008009164       0x1c c:/st/stm32cubeide_1.12.1/stm32cubeide/plugins/com.st.stm32cube.ide.mcu.externaltools.gnu-tools-for-stm32.10.3-2021.10.win32_1.0.200.202301161003/tools/bin/../lib/gcc/arm-none-eabi/10.3.1/../../../../arm-none-eabi/lib/thumb/v7e-m+fp/hard\libc_nano.a(lib_a-memcpy-stub.o)
                0x0000000008009164                memcpy
 .text.memset   0x0000000008009180       0x10 c:/st/stm32cubeide_1.12.1/stm32cubeide/plugins/com.st.stm32cube.ide.mcu.externaltools.gnu-tools-for-stm32.10.3-2021.10.win32_1.0.200.202301161003/tools/bin/../lib/gcc/arm-none-eabi/10.3.1/../../../../arm-none-eabi/lib/thumb/v7e-m+fp/hard\libc_nano.a(lib_a-memset.o)
                0x0000000008009180                memset
 *(.glue_7)
 .glue_7        0x0000000008009190        0x0 linker stubs
 *(.glue_7t)
 .glue_7t       0x0000000008009190        0x0 linker stubs
 *(.eh_frame)
 .eh_frame      0x0000000008009190        0x0 c:/st/stm32cubeide_1.12.1/stm32cubeide/plugins/com.st.stm32cube.ide.mcu.externaltools.gnu-tools-for-stm32.10.3-2021.10.win32_1.0.200.202301161003/tools/bin/../lib/gcc/arm-none-eabi/10.3.1/thumb/v7e-m+fp/hard/crtbegin.o
 *(.init)
 .init          0x0000000008009190        0x4 c:/st/stm32cubeide_1.12.1/stm32cubeide/plugins/com.st.stm32cube.ide.mcu.externaltools.gnu-tools-for-stm32.10.3-2021.10.win32_1.0.200.202301161003/tools/bin/../lib/gcc/arm-none-eabi/10.3.1/thumb/v7e-m+fp/hard/crti.o
                0x0000000008009190                _init
 .init          0x0000000008009194        0x8 c:/st/stm32cubeide_1.12.1/stm32cubeide/plugins/com.st.stm32cube.ide.mcu.externaltools.gnu-tools-for-stm32.10.3-2021.10.win32_1.0.200.202301161003/tools/bin/../lib/gcc/arm-none-eabi/10.3.1/thumb/v7e-m+fp/hard/crtn.o
 *(.fini)
 .fini          0x000000000800919c        0x4 c:/st/stm32cubeide_1.12.1/stm32cubeide/plugins/com.st.stm32cube.ide.mcu.externaltools.gnu-tools-for-stm32.10.3-2021.10.win32_1.0.200.202301161003/tools/bin/../lib/gcc/arm-none-eabi/10.3.1/thumb/v7e-m+fp/hard/crti.o
                0x000000000800919c                _fini
 .fini          0x00000000080091a0        0x8 c:/st/stm32cubeide_1.12.1/stm32cubeide/plugins/com.st.stm32cube.ide.mcu.externaltools.gnu-tools-for-stm32.10.3-2021.10.win32_1.0.200.202301161003/tools/bin/../lib/gcc/arm-none-eabi/10.3.1/thumb/v7e-m+fp/hard/crtn.o
                0x00000000080091a8                . = ALIGN (0x4)
                0x00000000080091a8                _etext = .

.vfp11_veneer   0x00000000080091a8        0x0
 .vfp11_veneer  0x00000000080091a8        0x0 linker stubs

.v4_bx          0x00000000080091a8        0x0
 .v4_bx         0x00000000080091a8        0x0 linker stubs

.iplt           0x00000000080091a8        0x0
 .iplt          0x00000000080091a8        0x0 c:/st/stm32cubeide_1.12.1/stm32cubeide/plugins/com.st.stm32cube.ide.mcu.externaltools.gnu-tools-for-stm32.10.3-2021.10.win32_1.0.200.202301161003/tools/bin/../lib/gcc/arm-none-eabi/10.3.1/thumb/v7e-m+fp/hard/crtbegin.o

.rodata         0x00000000080091a8      0x234
                0x00000000080091a8                . = ALIGN (0x4)
 *(.rodata)
 .rodata        0x00000000080091a8        0x8 ./Core/Src/main.o
 *(.rodata*)
 .rodata.CWJAP_MEGA
                0x00000000080091b0       0x25 ./Core/Src/main.o
                0x00000000080091b0                CWJAP_MEGA
 *fill*         0x00000000080091d5        0x3 
 .rodata.CIFSR  0x00000000080091d8        0xb ./Core/Src/main.o
                0x00000000080091d8                CIFSR
 *fill*         0x00000000080091e3        0x1 
 .rodata.CIPMUX
                0x00000000080091e4        0xe ./Core/Src/main.o
                0x00000000080091e4                CIPMUX
 *fill*         0x00000000080091f2        0x2 
 .rodata.CIPSTART
                0x00000000080091f4       0x2f ./Core/Src/main.o
                0x00000000080091f4                CIPSTART
 *fill*         0x0000000008009223        0x1 
 .rodata.CIPSEND
                0x0000000008009224        0xc ./Core/Src/main.o
                0x0000000008009224                CIPSEND
 .rodata.CWMODE
                0x0000000008009230        0xe ./Core/Src/main.o
                0x0000000008009230                CWMODE
 *fill*         0x000000000800923e        0x2 
 .rodata.ANS_CWMODE
                0x0000000008009240       0x14 ./Core/Src/main.o
                0x0000000008009240                ANS_CWMODE
 .rodata.ANS_CWJAP_MEGA
                0x0000000008009254       0x48 ./Core/Src/main.o
                0x0000000008009254                ANS_CWJAP_MEGA
 .rodata.ANS_CIPMUX
                0x000000000800929c       0x14 ./Core/Src/main.o
                0x000000000800929c                ANS_CIPMUX
 .rodata.ANS_CIPSTART
                0x00000000080092b0       0x3e ./Core/Src/main.o
                0x00000000080092b0                ANS_CIPSTART
 *fill*         0x00000000080092ee        0x2 
 .rodata.AUTOMATIC_WIFI_CONNECTED
                0x00000000080092f0       0x1e ./Core/Src/main.o
                0x00000000080092f0                AUTOMATIC_WIFI_CONNECTED
 *fill*         0x000000000800930e        0x2 
 .rodata.WIFI_DISCONNECT
                0x0000000008009310       0x12 ./Core/Src/main.o
                0x0000000008009310                WIFI_DISCONNECT
 *fill*         0x0000000008009322        0x2 
 .rodata.CIFSR_STAIP
                0x0000000008009324        0xe ./Core/Src/main.o
                0x0000000008009324                CIFSR_STAIP
 *fill*         0x0000000008009332        0x2 
 .rodata.OK     0x0000000008009334        0x7 ./Core/Src/main.o
                0x0000000008009334                OK
 *fill*         0x000000000800933b        0x1 
 .rodata.CIPSEND1
                0x000000000800933c        0xb ./Core/Src/main.o
                0x000000000800933c                CIPSEND1
 *fill*         0x0000000008009347        0x1 
 .rodata.CIPSEND2
                0x0000000008009348        0x9 ./Core/Src/main.o
                0x0000000008009348                CIPSEND2
 *fill*         0x0000000008009351        0x3 
 .rodata.CIPSEND3
                0x0000000008009354        0x6 ./Core/Src/main.o
                0x0000000008009354                CIPSEND3
 *fill*         0x000000000800935a        0x2 
 .rodata.CIPSEND4
                0x000000000800935c       0x14 ./Core/Src/main.o
                0x000000000800935c                CIPSEND4
 .rodata.IPD    0x0000000008009370        0x8 ./Core/Src/main.o
                0x0000000008009370                IPD
 .rodata.UNER   0x0000000008009378        0x5 ./Core/Src/main.o
                0x0000000008009378                UNER
 *fill*         0x000000000800937d        0x3 
 .rodata.ALIVE  0x0000000008009380        0x7 ./Core/Src/main.o
                0x0000000008009380                ALIVE
 *fill*         0x0000000008009387        0x1 
 .rodata.ACK_D0
                0x0000000008009388        0x9 ./Core/Src/main.o
                0x0000000008009388                ACK_D0
 *fill*         0x0000000008009391        0x3 
 .rodata.COORD_SENSORES
                0x0000000008009394       0x28 ./Core/Src/main.o
                0x0000000008009394                COORD_SENSORES
 .rodata.AHBPrescTable
                0x00000000080093bc       0x10 ./Core/Src/system_stm32f4xx.o
                0x00000000080093bc                AHBPrescTable
 .rodata.APBPrescTable
                0x00000000080093cc        0x8 ./Core/Src/system_stm32f4xx.o
                0x00000000080093cc                APBPrescTable
 .rodata.flagBitshiftOffset.0
                0x00000000080093d4        0x8 ./Drivers/STM32F4xx_HAL_Driver/Src/stm32f4xx_hal_dma.o
                0x00000000080093dc                . = ALIGN (0x4)

.ARM.extab      0x00000000080093dc        0x0
                0x00000000080093dc                . = ALIGN (0x4)
 *(.ARM.extab* .gnu.linkonce.armextab.*)
                0x00000000080093dc                . = ALIGN (0x4)

.ARM            0x00000000080093dc        0x8
                0x00000000080093dc                . = ALIGN (0x4)
                0x00000000080093dc                __exidx_start = .
 *(.ARM.exidx*)
 .ARM.exidx     0x00000000080093dc        0x8 c:/st/stm32cubeide_1.12.1/stm32cubeide/plugins/com.st.stm32cube.ide.mcu.externaltools.gnu-tools-for-stm32.10.3-2021.10.win32_1.0.200.202301161003/tools/bin/../lib/gcc/arm-none-eabi/10.3.1/thumb/v7e-m+fp/hard\libgcc.a(_udivmoddi4.o)
                0x00000000080093e4                __exidx_end = .
                0x00000000080093e4                . = ALIGN (0x4)

.rel.dyn        0x00000000080093e4        0x0
 .rel.iplt      0x00000000080093e4        0x0 c:/st/stm32cubeide_1.12.1/stm32cubeide/plugins/com.st.stm32cube.ide.mcu.externaltools.gnu-tools-for-stm32.10.3-2021.10.win32_1.0.200.202301161003/tools/bin/../lib/gcc/arm-none-eabi/10.3.1/thumb/v7e-m+fp/hard/crtbegin.o

.preinit_array  0x00000000080093e4        0x0
                0x00000000080093e4                . = ALIGN (0x4)
                0x00000000080093e4                PROVIDE (__preinit_array_start = .)
 *(.preinit_array*)
                0x00000000080093e4                PROVIDE (__preinit_array_end = .)
                0x00000000080093e4                . = ALIGN (0x4)

.init_array     0x00000000080093e4        0x4
                0x00000000080093e4                . = ALIGN (0x4)
                0x00000000080093e4                PROVIDE (__init_array_start = .)
 *(SORT_BY_NAME(.init_array.*))
 *(.init_array*)
 .init_array    0x00000000080093e4        0x4 c:/st/stm32cubeide_1.12.1/stm32cubeide/plugins/com.st.stm32cube.ide.mcu.externaltools.gnu-tools-for-stm32.10.3-2021.10.win32_1.0.200.202301161003/tools/bin/../lib/gcc/arm-none-eabi/10.3.1/thumb/v7e-m+fp/hard/crtbegin.o
                0x00000000080093e8                PROVIDE (__init_array_end = .)
                0x00000000080093e8                . = ALIGN (0x4)

.fini_array     0x00000000080093e8        0x4
                0x00000000080093e8                . = ALIGN (0x4)
                [!provide]                        PROVIDE (__fini_array_start = .)
 *(SORT_BY_NAME(.fini_array.*))
 *(.fini_array*)
 .fini_array    0x00000000080093e8        0x4 c:/st/stm32cubeide_1.12.1/stm32cubeide/plugins/com.st.stm32cube.ide.mcu.externaltools.gnu-tools-for-stm32.10.3-2021.10.win32_1.0.200.202301161003/tools/bin/../lib/gcc/arm-none-eabi/10.3.1/thumb/v7e-m+fp/hard/crtbegin.o
                [!provide]                        PROVIDE (__fini_array_end = .)
                0x00000000080093ec                . = ALIGN (0x4)
                0x00000000080093ec                _sidata = LOADADDR (.data)

.data           0x0000000020000000       0x10 load address 0x00000000080093ec
                0x0000000020000000                . = ALIGN (0x4)
                0x0000000020000000                _sdata = .
 *(.data)
 *(.data*)
 .data.comando  0x0000000020000000        0x1 ./Core/Src/main.o
                0x0000000020000000                comando
 .data.k.7      0x0000000020000001        0x1 ./Core/Src/main.o
 .data.firstRead.5
                0x0000000020000002        0x1 ./Core/Src/main.o
 .data.counter.1
                0x0000000020000003        0x1 ./Core/Src/main.o
 .data.SystemCoreClock
                0x0000000020000004        0x4 ./Core/Src/system_stm32f4xx.o
                0x0000000020000004                SystemCoreClock
 .data.uwTickPrio
                0x0000000020000008        0x4 ./Drivers/STM32F4xx_HAL_Driver/Src/stm32f4xx_hal.o
                0x0000000020000008                uwTickPrio
 .data.uwTickFreq
                0x000000002000000c        0x1 ./Drivers/STM32F4xx_HAL_Driver/Src/stm32f4xx_hal.o
                0x000000002000000c                uwTickFreq
 *(.RamFunc)
 *(.RamFunc*)
                0x0000000020000010                . = ALIGN (0x4)
 *fill*         0x000000002000000d        0x3 
                0x0000000020000010                _edata = .

.igot.plt       0x0000000020000010        0x0 load address 0x00000000080093fc
 .igot.plt      0x0000000020000010        0x0 c:/st/stm32cubeide_1.12.1/stm32cubeide/plugins/com.st.stm32cube.ide.mcu.externaltools.gnu-tools-for-stm32.10.3-2021.10.win32_1.0.200.202301161003/tools/bin/../lib/gcc/arm-none-eabi/10.3.1/thumb/v7e-m+fp/hard/crtbegin.o
                0x0000000020000010                . = ALIGN (0x4)

.bss            0x0000000020000010      0x8e4 load address 0x00000000080093fc
                0x0000000020000010                _sbss = .
                0x0000000020000010                __bss_start__ = _sbss
 *(.bss)
 .bss           0x0000000020000010       0x1c c:/st/stm32cubeide_1.12.1/stm32cubeide/plugins/com.st.stm32cube.ide.mcu.externaltools.gnu-tools-for-stm32.10.3-2021.10.win32_1.0.200.202301161003/tools/bin/../lib/gcc/arm-none-eabi/10.3.1/thumb/v7e-m+fp/hard/crtbegin.o
 *(.bss*)
 .bss.hadc1     0x000000002000002c       0x48 ./Core/Src/main.o
                0x000000002000002c                hadc1
 .bss.hdma_adc1
                0x0000000020000074       0x60 ./Core/Src/main.o
                0x0000000020000074                hdma_adc1
 .bss.hi2c1     0x00000000200000d4       0x54 ./Core/Src/main.o
                0x00000000200000d4                hi2c1
 .bss.htim3     0x0000000020000128       0x48 ./Core/Src/main.o
                0x0000000020000128                htim3
 .bss.htim4     0x0000000020000170       0x48 ./Core/Src/main.o
                0x0000000020000170                htim4
 .bss.huart1    0x00000000200001b8       0x44 ./Core/Src/main.o
                0x00000000200001b8                huart1
 .bss.huart2    0x00000000200001fc       0x44 ./Core/Src/main.o
                0x00000000200001fc                huart2
 .bss.ADCData   0x0000000020000240      0x200 ./Core/Src/main.o
                0x0000000020000240                ADCData
 .bss.bufferTxESP
                0x0000000020000440      0x100 ./Core/Src/main.o
                0x0000000020000440                bufferTxESP
 .bss.bufferRxESP
                0x0000000020000540      0x100 ./Core/Src/main.o
                0x0000000020000540                bufferRxESP
 .bss.bufferDebug
                0x0000000020000640      0x100 ./Core/Src/main.o
                0x0000000020000640                bufferDebug
 .bss.buffer_PC_RX
                0x0000000020000740      0x100 ./Core/Src/main.o
                0x0000000020000740                buffer_PC_RX
 .bss.indexR_TxESP
                0x0000000020000840        0x1 ./Core/Src/main.o
                0x0000000020000840                indexR_TxESP
 .bss.indexW_TxESP
                0x0000000020000841        0x1 ./Core/Src/main.o
                0x0000000020000841                indexW_TxESP
 .bss.indexR_RxESP
                0x0000000020000842        0x1 ./Core/Src/main.o
                0x0000000020000842                indexR_RxESP
 .bss.indexW_RxESP
                0x0000000020000843        0x1 ./Core/Src/main.o
                0x0000000020000843                indexW_RxESP
 .bss.indexR_Debug
                0x0000000020000844        0x1 ./Core/Src/main.o
                0x0000000020000844                indexR_Debug
 .bss.indexW_Debug
                0x0000000020000845        0x1 ./Core/Src/main.o
                0x0000000020000845                indexW_Debug
 .bss.indexR_PC_RX
                0x0000000020000846        0x1 ./Core/Src/main.o
                0x0000000020000846                indexR_PC_RX
 .bss.indexW_PC_RX
                0x0000000020000847        0x1 ./Core/Src/main.o
                0x0000000020000847                indexW_PC_RX
 .bss.AT        0x0000000020000848        0x1 ./Core/Src/main.o
                0x0000000020000848                AT
 .bss.time100ms
                0x0000000020000849        0x1 ./Core/Src/main.o
                0x0000000020000849                time100ms
 .bss.time10ms  0x000000002000084a        0x1 ./Core/Src/main.o
                0x000000002000084a                time10ms
 .bss.timeOut   0x000000002000084b        0x1 ./Core/Src/main.o
                0x000000002000084b                timeOut
 .bss.timeOut2  0x000000002000084c        0x1 ./Core/Src/main.o
                0x000000002000084c                timeOut2
 .bss.timeOut3  0x000000002000084d        0x1 ./Core/Src/main.o
                0x000000002000084d                timeOut3
 .bss.timeToSendAlive
                0x000000002000084e        0x1 ./Core/Src/main.o
                0x000000002000084e                timeToSendAlive
 .bss.timeOutADC
                0x000000002000084f        0x1 ./Core/Src/main.o
                0x000000002000084f                timeOutADC
 .bss.timeOutPID
                0x0000000020000850        0x1 ./Core/Src/main.o
                0x0000000020000850                timeOutPID
 .bss.duty      0x0000000020000851        0x1 ./Core/Src/main.o
                0x0000000020000851                duty
 .bss.decodeCIPSEND
                0x0000000020000852        0x1 ./Core/Src/main.o
                0x0000000020000852                decodeCIPSEND
 .bss.decodeCIFSR
                0x0000000020000853        0x1 ./Core/Src/main.o
                0x0000000020000853                decodeCIFSR
 .bss.espIP     0x0000000020000854        0xf ./Core/Src/main.o
                0x0000000020000854                espIP
 .bss.lengthIP  0x0000000020000863        0x1 ./Core/Src/main.o
                0x0000000020000863                lengthIP
 .bss.bytesUNERprotocol
                0x0000000020000864        0x1 ./Core/Src/main.o
                0x0000000020000864                bytesUNERprotocol
 .bss.decodeIPD
                0x0000000020000865        0x1 ./Core/Src/main.o
                0x0000000020000865                decodeIPD
 .bss.cks       0x0000000020000866        0x1 ./Core/Src/main.o
                0x0000000020000866                cks
 .bss.bytesToSend
                0x0000000020000867        0x1 ./Core/Src/main.o
                0x0000000020000867                bytesToSend
 .bss.indexADC  0x0000000020000868        0x1 ./Core/Src/main.o
                0x0000000020000868                indexADC
 .bss.bytesToSend_aux
                0x0000000020000869        0x1 ./Core/Src/main.o
                0x0000000020000869                bytesToSend_aux
 *fill*         0x000000002000086a        0x2 
 .bss.PWM_motor1
                0x000000002000086c        0x4 ./Core/Src/main.o
                0x000000002000086c                PWM_motor1
 .bss.PWM_motor2
                0x0000000020000870        0x4 ./Core/Src/main.o
                0x0000000020000870                PWM_motor2
 .bss.jobTime   0x0000000020000874        0x4 ./Core/Src/main.o
                0x0000000020000874                jobTime
 .bss.error     0x0000000020000878        0x4 ./Core/Src/main.o
                0x0000000020000878                error
 .bss.valueADC  0x000000002000087c       0x20 ./Core/Src/main.o
                0x000000002000087c                valueADC
 .bss.flag1     0x000000002000089c        0x1 ./Core/Src/main.o
                0x000000002000089c                flag1
 *fill*         0x000000002000089d        0x3 
 .bss.flag2     0x00000000200008a0        0x1 ./Core/Src/main.o
                0x00000000200008a0                flag2
 *fill*         0x00000000200008a1        0x3 
 .bss.Kp        0x00000000200008a4        0x4 ./Core/Src/main.o
                0x00000000200008a4                Kp
 .bss.Kd        0x00000000200008a8        0x4 ./Core/Src/main.o
                0x00000000200008a8                Kd
 .bss.Ki        0x00000000200008ac        0x4 ./Core/Src/main.o
                0x00000000200008ac                Ki
 .bss.integral  0x00000000200008b0        0x4 ./Core/Src/main.o
                0x00000000200008b0                integral
 .bss.derivativo
                0x00000000200008b4        0x4 ./Core/Src/main.o
                0x00000000200008b4                derivativo
 .bss.turn      0x00000000200008b8        0x4 ./Core/Src/main.o
                0x00000000200008b8                turn
 .bss.lastError
                0x00000000200008bc        0x4 ./Core/Src/main.o
                0x00000000200008bc                lastError
 .bss.comandoActual
                0x00000000200008c0        0x1 ./Core/Src/main.o
                0x00000000200008c0                comandoActual
 .bss.posMINCenter
                0x00000000200008c1        0x1 ./Core/Src/main.o
                0x00000000200008c1                posMINCenter
 .bss.posMINRight
                0x00000000200008c2        0x1 ./Core/Src/main.o
                0x00000000200008c2                posMINRight
 .bss.posMINLeft
                0x00000000200008c3        0x1 ./Core/Src/main.o
                0x00000000200008c3                posMINLeft
 .bss.sensorValue
                0x00000000200008c4        0x2 ./Core/Src/main.o
                0x00000000200008c4                sensorValue
 *fill*         0x00000000200008c6        0x2 
 .bss.xMin      0x00000000200008c8        0x4 ./Core/Src/main.o
                0x00000000200008c8                xMin
 .bss.fx2_fx3   0x00000000200008cc        0x4 ./Core/Src/main.o
                0x00000000200008cc                fx2_fx3
 .bss.fx2_fx1   0x00000000200008d0        0x4 ./Core/Src/main.o
                0x00000000200008d0                fx2_fx1
 .bss.x2_x1     0x00000000200008d4        0x4 ./Core/Src/main.o
                0x00000000200008d4                x2_x1
 .bss.x2_x3     0x00000000200008d8        0x4 ./Core/Src/main.o
                0x00000000200008d8                x2_x3
 .bss.x2_x1cuad
                0x00000000200008dc        0x4 ./Core/Src/main.o
                0x00000000200008dc                x2_x1cuad
 .bss.x2_x3cuad
                0x00000000200008e0        0x4 ./Core/Src/main.o
                0x00000000200008e0                x2_x3cuad
 .bss.denominador
                0x00000000200008e4        0x4 ./Core/Src/main.o
                0x00000000200008e4                denominador
 .bss.f         0x00000000200008e8        0x1 ./Core/Src/main.o
                0x00000000200008e8                f
 .bss.i.8       0x00000000200008e9        0x1 ./Core/Src/main.o
 .bss.cmdPosInBuff.6
                0x00000000200008ea        0x1 ./Core/Src/main.o
 .bss.step.4    0x00000000200008eb        0x1 ./Core/Src/main.o
 .bss.i.3       0x00000000200008ec        0x1 ./Core/Src/main.o
 .bss.cksQT.2   0x00000000200008ed        0x1 ./Core/Src/main.o
 .bss.cmdPosInBuff.0
                0x00000000200008ee        0x1 ./Core/Src/main.o
 *fill*         0x00000000200008ef        0x1 
 .bss.uwTick    0x00000000200008f0        0x4 ./Drivers/STM32F4xx_HAL_Driver/Src/stm32f4xx_hal.o
                0x00000000200008f0                uwTick
 *(COMMON)
                0x00000000200008f4                . = ALIGN (0x4)
                0x00000000200008f4                _ebss = .
                0x00000000200008f4                __bss_end__ = _ebss

._user_heap_stack
                0x00000000200008f4      0x604 load address 0x00000000080093fc
                0x00000000200008f8                . = ALIGN (0x8)
 *fill*         0x00000000200008f4        0x4 
                [!provide]                        PROVIDE (end = .)
                0x00000000200008f8                PROVIDE (_end = .)
                0x0000000020000af8                . = (. + _Min_Heap_Size)
 *fill*         0x00000000200008f8      0x200 
                0x0000000020000ef8                . = (. + _Min_Stack_Size)
 *fill*         0x0000000020000af8      0x400 
                0x0000000020000ef8                . = ALIGN (0x8)

/DISCARD/
 libc.a(*)
 libm.a(*)
 libgcc.a(*)

.ARM.attributes
                0x0000000000000000       0x30
 *(.ARM.attributes)
 .ARM.attributes
                0x0000000000000000       0x1e c:/st/stm32cubeide_1.12.1/stm32cubeide/plugins/com.st.stm32cube.ide.mcu.externaltools.gnu-tools-for-stm32.10.3-2021.10.win32_1.0.200.202301161003/tools/bin/../lib/gcc/arm-none-eabi/10.3.1/thumb/v7e-m+fp/hard/crti.o
 .ARM.attributes
                0x000000000000001e       0x34 c:/st/stm32cubeide_1.12.1/stm32cubeide/plugins/com.st.stm32cube.ide.mcu.externaltools.gnu-tools-for-stm32.10.3-2021.10.win32_1.0.200.202301161003/tools/bin/../lib/gcc/arm-none-eabi/10.3.1/thumb/v7e-m+fp/hard/crtbegin.o
 .ARM.attributes
                0x0000000000000052       0x34 ./Core/Src/main.o
 .ARM.attributes
                0x0000000000000086       0x34 ./Core/Src/stm32f4xx_hal_msp.o
 .ARM.attributes
                0x00000000000000ba       0x34 ./Core/Src/stm32f4xx_it.o
 .ARM.attributes
                0x00000000000000ee       0x34 ./Core/Src/system_stm32f4xx.o
 .ARM.attributes
                0x0000000000000122       0x21 ./Core/Startup/startup_stm32f401retx.o
 .ARM.attributes
                0x0000000000000143       0x34 ./Drivers/STM32F4xx_HAL_Driver/Src/stm32f4xx_hal.o
 .ARM.attributes
                0x0000000000000177       0x34 ./Drivers/STM32F4xx_HAL_Driver/Src/stm32f4xx_hal_adc.o
 .ARM.attributes
                0x00000000000001ab       0x34 ./Drivers/STM32F4xx_HAL_Driver/Src/stm32f4xx_hal_adc_ex.o
 .ARM.attributes
                0x00000000000001df       0x34 ./Drivers/STM32F4xx_HAL_Driver/Src/stm32f4xx_hal_cortex.o
 .ARM.attributes
                0x0000000000000213       0x34 ./Drivers/STM32F4xx_HAL_Driver/Src/stm32f4xx_hal_dma.o
 .ARM.attributes
                0x0000000000000247       0x34 ./Drivers/STM32F4xx_HAL_Driver/Src/stm32f4xx_hal_gpio.o
 .ARM.attributes
                0x000000000000027b       0x34 ./Drivers/STM32F4xx_HAL_Driver/Src/stm32f4xx_hal_i2c.o
 .ARM.attributes
                0x00000000000002af       0x34 ./Drivers/STM32F4xx_HAL_Driver/Src/stm32f4xx_hal_rcc.o
 .ARM.attributes
                0x00000000000002e3       0x34 ./Drivers/STM32F4xx_HAL_Driver/Src/stm32f4xx_hal_tim.o
 .ARM.attributes
                0x0000000000000317       0x34 ./Drivers/STM32F4xx_HAL_Driver/Src/stm32f4xx_hal_tim_ex.o
 .ARM.attributes
                0x000000000000034b       0x34 ./Drivers/STM32F4xx_HAL_Driver/Src/stm32f4xx_hal_uart.o
 .ARM.attributes
                0x000000000000037f       0x34 c:/st/stm32cubeide_1.12.1/stm32cubeide/plugins/com.st.stm32cube.ide.mcu.externaltools.gnu-tools-for-stm32.10.3-2021.10.win32_1.0.200.202301161003/tools/bin/../lib/gcc/arm-none-eabi/10.3.1/../../../../arm-none-eabi/lib/thumb/v7e-m+fp/hard\libc_nano.a(lib_a-init.o)
 .ARM.attributes
                0x00000000000003b3       0x34 c:/st/stm32cubeide_1.12.1/stm32cubeide/plugins/com.st.stm32cube.ide.mcu.externaltools.gnu-tools-for-stm32.10.3-2021.10.win32_1.0.200.202301161003/tools/bin/../lib/gcc/arm-none-eabi/10.3.1/../../../../arm-none-eabi/lib/thumb/v7e-m+fp/hard\libc_nano.a(lib_a-memcpy-stub.o)
 .ARM.attributes
                0x00000000000003e7       0x34 c:/st/stm32cubeide_1.12.1/stm32cubeide/plugins/com.st.stm32cube.ide.mcu.externaltools.gnu-tools-for-stm32.10.3-2021.10.win32_1.0.200.202301161003/tools/bin/../lib/gcc/arm-none-eabi/10.3.1/../../../../arm-none-eabi/lib/thumb/v7e-m+fp/hard\libc_nano.a(lib_a-memset.o)
 .ARM.attributes
                0x000000000000041b       0x1e c:/st/stm32cubeide_1.12.1/stm32cubeide/plugins/com.st.stm32cube.ide.mcu.externaltools.gnu-tools-for-stm32.10.3-2021.10.win32_1.0.200.202301161003/tools/bin/../lib/gcc/arm-none-eabi/10.3.1/thumb/v7e-m+fp/hard\libgcc.a(_aeabi_uldivmod.o)
 .ARM.attributes
                0x0000000000000439       0x34 c:/st/stm32cubeide_1.12.1/stm32cubeide/plugins/com.st.stm32cube.ide.mcu.externaltools.gnu-tools-for-stm32.10.3-2021.10.win32_1.0.200.202301161003/tools/bin/../lib/gcc/arm-none-eabi/10.3.1/thumb/v7e-m+fp/hard\libgcc.a(_udivmoddi4.o)
 .ARM.attributes
                0x000000000000046d       0x1e c:/st/stm32cubeide_1.12.1/stm32cubeide/plugins/com.st.stm32cube.ide.mcu.externaltools.gnu-tools-for-stm32.10.3-2021.10.win32_1.0.200.202301161003/tools/bin/../lib/gcc/arm-none-eabi/10.3.1/thumb/v7e-m+fp/hard\libgcc.a(_dvmd_tls.o)
 .ARM.attributes
                0x000000000000048b       0x1e c:/st/stm32cubeide_1.12.1/stm32cubeide/plugins/com.st.stm32cube.ide.mcu.externaltools.gnu-tools-for-stm32.10.3-2021.10.win32_1.0.200.202301161003/tools/bin/../lib/gcc/arm-none-eabi/10.3.1/thumb/v7e-m+fp/hard/crtn.o
OUTPUT(MicroFin1.elf elf32-littlearm)
LOAD linker stubs
LOAD c:/st/stm32cubeide_1.12.1/stm32cubeide/plugins/com.st.stm32cube.ide.mcu.externaltools.gnu-tools-for-stm32.10.3-2021.10.win32_1.0.200.202301161003/tools/bin/../lib/gcc/arm-none-eabi/10.3.1/../../../../arm-none-eabi/lib/thumb/v7e-m+fp/hard\libc.a
LOAD c:/st/stm32cubeide_1.12.1/stm32cubeide/plugins/com.st.stm32cube.ide.mcu.externaltools.gnu-tools-for-stm32.10.3-2021.10.win32_1.0.200.202301161003/tools/bin/../lib/gcc/arm-none-eabi/10.3.1/../../../../arm-none-eabi/lib/thumb/v7e-m+fp/hard\libm.a
LOAD c:/st/stm32cubeide_1.12.1/stm32cubeide/plugins/com.st.stm32cube.ide.mcu.externaltools.gnu-tools-for-stm32.10.3-2021.10.win32_1.0.200.202301161003/tools/bin/../lib/gcc/arm-none-eabi/10.3.1/thumb/v7e-m+fp/hard\libgcc.a

.debug_info     0x0000000000000000    0x13865
 .debug_info    0x0000000000000000     0x28e1 ./Core/Src/main.o
 .debug_info    0x00000000000028e1     0x16e0 ./Core/Src/stm32f4xx_hal_msp.o
 .debug_info    0x0000000000003fc1      0xfba ./Core/Src/stm32f4xx_it.o
 .debug_info    0x0000000000004f7b      0x54f ./Core/Src/system_stm32f4xx.o
 .debug_info    0x00000000000054ca       0x22 ./Core/Startup/startup_stm32f401retx.o
 .debug_info    0x00000000000054ec      0x906 ./Drivers/STM32F4xx_HAL_Driver/Src/stm32f4xx_hal.o
 .debug_info    0x0000000000005df2      0xd68 ./Drivers/STM32F4xx_HAL_Driver/Src/stm32f4xx_hal_adc.o
 .debug_info    0x0000000000006b5a      0xbd4 ./Drivers/STM32F4xx_HAL_Driver/Src/stm32f4xx_hal_adc_ex.o
 .debug_info    0x000000000000772e      0xd85 ./Drivers/STM32F4xx_HAL_Driver/Src/stm32f4xx_hal_cortex.o
 .debug_info    0x00000000000084b3      0x947 ./Drivers/STM32F4xx_HAL_Driver/Src/stm32f4xx_hal_dma.o
 .debug_info    0x0000000000008dfa      0x78e ./Drivers/STM32F4xx_HAL_Driver/Src/stm32f4xx_hal_gpio.o
 .debug_info    0x0000000000009588     0x260f ./Drivers/STM32F4xx_HAL_Driver/Src/stm32f4xx_hal_i2c.o
 .debug_info    0x000000000000bb97      0x98c ./Drivers/STM32F4xx_HAL_Driver/Src/stm32f4xx_hal_rcc.o
 .debug_info    0x000000000000c523     0x2bb6 ./Drivers/STM32F4xx_HAL_Driver/Src/stm32f4xx_hal_tim.o
 .debug_info    0x000000000000f0d9     0x15d8 ./Drivers/STM32F4xx_HAL_Driver/Src/stm32f4xx_hal_tim_ex.o
 .debug_info    0x00000000000106b1     0x31b4 ./Drivers/STM32F4xx_HAL_Driver/Src/stm32f4xx_hal_uart.o

.debug_abbrev   0x0000000000000000     0x23c2
 .debug_abbrev  0x0000000000000000      0x40c ./Core/Src/main.o
 .debug_abbrev  0x000000000000040c      0x247 ./Core/Src/stm32f4xx_hal_msp.o
 .debug_abbrev  0x0000000000000653      0x1b6 ./Core/Src/stm32f4xx_it.o
 .debug_abbrev  0x0000000000000809      0x116 ./Core/Src/system_stm32f4xx.o
 .debug_abbrev  0x000000000000091f       0x12 ./Core/Startup/startup_stm32f401retx.o
 .debug_abbrev  0x0000000000000931      0x23e ./Drivers/STM32F4xx_HAL_Driver/Src/stm32f4xx_hal.o
 .debug_abbrev  0x0000000000000b6f      0x204 ./Drivers/STM32F4xx_HAL_Driver/Src/stm32f4xx_hal_adc.o
 .debug_abbrev  0x0000000000000d73      0x21f ./Drivers/STM32F4xx_HAL_Driver/Src/stm32f4xx_hal_adc_ex.o
 .debug_abbrev  0x0000000000000f92      0x316 ./Drivers/STM32F4xx_HAL_Driver/Src/stm32f4xx_hal_cortex.o
 .debug_abbrev  0x00000000000012a8      0x21b ./Drivers/STM32F4xx_HAL_Driver/Src/stm32f4xx_hal_dma.o
 .debug_abbrev  0x00000000000014c3      0x1c4 ./Drivers/STM32F4xx_HAL_Driver/Src/stm32f4xx_hal_gpio.o
 .debug_abbrev  0x0000000000001687      0x2a8 ./Drivers/STM32F4xx_HAL_Driver/Src/stm32f4xx_hal_i2c.o
 .debug_abbrev  0x000000000000192f      0x2aa ./Drivers/STM32F4xx_HAL_Driver/Src/stm32f4xx_hal_rcc.o
 .debug_abbrev  0x0000000000001bd9      0x26e ./Drivers/STM32F4xx_HAL_Driver/Src/stm32f4xx_hal_tim.o
 .debug_abbrev  0x0000000000001e47      0x276 ./Drivers/STM32F4xx_HAL_Driver/Src/stm32f4xx_hal_tim_ex.o
 .debug_abbrev  0x00000000000020bd      0x305 ./Drivers/STM32F4xx_HAL_Driver/Src/stm32f4xx_hal_uart.o

.debug_aranges  0x0000000000000000     0x10e8
 .debug_aranges
                0x0000000000000000       0xd8 ./Core/Src/main.o
 .debug_aranges
                0x00000000000000d8       0x68 ./Core/Src/stm32f4xx_hal_msp.o
 .debug_aranges
                0x0000000000000140       0x90 ./Core/Src/stm32f4xx_it.o
 .debug_aranges
                0x00000000000001d0       0x28 ./Core/Src/system_stm32f4xx.o
 .debug_aranges
                0x00000000000001f8       0x28 ./Core/Startup/startup_stm32f401retx.o
 .debug_aranges
                0x0000000000000220       0xf0 ./Drivers/STM32F4xx_HAL_Driver/Src/stm32f4xx_hal.o
 .debug_aranges
                0x0000000000000310       0xe8 ./Drivers/STM32F4xx_HAL_Driver/Src/stm32f4xx_hal_adc.o
 .debug_aranges
                0x00000000000003f8       0x90 ./Drivers/STM32F4xx_HAL_Driver/Src/stm32f4xx_hal_adc_ex.o
 .debug_aranges
                0x0000000000000488      0x118 ./Drivers/STM32F4xx_HAL_Driver/Src/stm32f4xx_hal_cortex.o
 .debug_aranges
                0x00000000000005a0       0x90 ./Drivers/STM32F4xx_HAL_Driver/Src/stm32f4xx_hal_dma.o
 .debug_aranges
                0x0000000000000630       0x58 ./Drivers/STM32F4xx_HAL_Driver/Src/stm32f4xx_hal_gpio.o
 .debug_aranges
                0x0000000000000688      0x2a0 ./Drivers/STM32F4xx_HAL_Driver/Src/stm32f4xx_hal_i2c.o
 .debug_aranges
                0x0000000000000928       0x88 ./Drivers/STM32F4xx_HAL_Driver/Src/stm32f4xx_hal_rcc.o
 .debug_aranges
                0x00000000000009b0      0x3d0 ./Drivers/STM32F4xx_HAL_Driver/Src/stm32f4xx_hal_tim.o
 .debug_aranges
                0x0000000000000d80      0x168 ./Drivers/STM32F4xx_HAL_Driver/Src/stm32f4xx_hal_tim_ex.o
 .debug_aranges
                0x0000000000000ee8      0x200 ./Drivers/STM32F4xx_HAL_Driver/Src/stm32f4xx_hal_uart.o

.debug_ranges   0x0000000000000000     0x1038
 .debug_ranges  0x0000000000000000       0xc8 ./Core/Src/main.o
 .debug_ranges  0x00000000000000c8       0x58 ./Core/Src/stm32f4xx_hal_msp.o
 .debug_ranges  0x0000000000000120       0x80 ./Core/Src/stm32f4xx_it.o
 .debug_ranges  0x00000000000001a0       0x18 ./Core/Src/system_stm32f4xx.o
 .debug_ranges  0x00000000000001b8       0x20 ./Core/Startup/startup_stm32f401retx.o
 .debug_ranges  0x00000000000001d8       0xe0 ./Drivers/STM32F4xx_HAL_Driver/Src/stm32f4xx_hal.o
 .debug_ranges  0x00000000000002b8       0xd8 ./Drivers/STM32F4xx_HAL_Driver/Src/stm32f4xx_hal_adc.o
 .debug_ranges  0x0000000000000390       0x80 ./Drivers/STM32F4xx_HAL_Driver/Src/stm32f4xx_hal_adc_ex.o
 .debug_ranges  0x0000000000000410      0x108 ./Drivers/STM32F4xx_HAL_Driver/Src/stm32f4xx_hal_cortex.o
 .debug_ranges  0x0000000000000518       0x80 ./Drivers/STM32F4xx_HAL_Driver/Src/stm32f4xx_hal_dma.o
 .debug_ranges  0x0000000000000598       0x48 ./Drivers/STM32F4xx_HAL_Driver/Src/stm32f4xx_hal_gpio.o
 .debug_ranges  0x00000000000005e0      0x2a8 ./Drivers/STM32F4xx_HAL_Driver/Src/stm32f4xx_hal_i2c.o
 .debug_ranges  0x0000000000000888       0x78 ./Drivers/STM32F4xx_HAL_Driver/Src/stm32f4xx_hal_rcc.o
 .debug_ranges  0x0000000000000900      0x3c0 ./Drivers/STM32F4xx_HAL_Driver/Src/stm32f4xx_hal_tim.o
 .debug_ranges  0x0000000000000cc0      0x158 ./Drivers/STM32F4xx_HAL_Driver/Src/stm32f4xx_hal_tim_ex.o
 .debug_ranges  0x0000000000000e18      0x220 ./Drivers/STM32F4xx_HAL_Driver/Src/stm32f4xx_hal_uart.o

.debug_macro    0x0000000000000000    0x17b16
 .debug_macro   0x0000000000000000      0x37a ./Core/Src/main.o
 .debug_macro   0x000000000000037a      0xa78 ./Core/Src/main.o
 .debug_macro   0x0000000000000df2      0x2a7 ./Core/Src/main.o
 .debug_macro   0x0000000000001099       0x2e ./Core/Src/main.o
 .debug_macro   0x00000000000010c7       0x28 ./Core/Src/main.o
 .debug_macro   0x00000000000010ef       0x22 ./Core/Src/main.o
 .debug_macro   0x0000000000001111       0x8e ./Core/Src/main.o
 .debug_macro   0x000000000000119f       0x51 ./Core/Src/main.o
 .debug_macro   0x00000000000011f0      0x103 ./Core/Src/main.o
 .debug_macro   0x00000000000012f3       0x6a ./Core/Src/main.o
 .debug_macro   0x000000000000135d      0x1df ./Core/Src/main.o
 .debug_macro   0x000000000000153c       0x1c ./Core/Src/main.o
 .debug_macro   0x0000000000001558       0x22 ./Core/Src/main.o
 .debug_macro   0x000000000000157a       0xd9 ./Core/Src/main.o
 .debug_macro   0x0000000000001653     0x102d ./Core/Src/main.o
 .debug_macro   0x0000000000002680      0x11f ./Core/Src/main.o
 .debug_macro   0x000000000000279f     0xb86c ./Core/Src/main.o
 .debug_macro   0x000000000000e00b       0x6d ./Core/Src/main.o
 .debug_macro   0x000000000000e078     0x367e ./Core/Src/main.o
 .debug_macro   0x00000000000116f6      0x174 ./Core/Src/main.o
 .debug_macro   0x000000000001186a       0x5c ./Core/Src/main.o
 .debug_macro   0x00000000000118c6      0x416 ./Core/Src/main.o
 .debug_macro   0x0000000000011cdc      0x9fe ./Core/Src/main.o
 .debug_macro   0x00000000000126da      0x115 ./Core/Src/main.o
 .debug_macro   0x00000000000127ef       0xf8 ./Core/Src/main.o
 .debug_macro   0x00000000000128e7       0xa5 ./Core/Src/main.o
 .debug_macro   0x000000000001298c      0x15f ./Core/Src/main.o
 .debug_macro   0x0000000000012aeb      0x287 ./Core/Src/main.o
 .debug_macro   0x0000000000012d72       0x5f ./Core/Src/main.o
 .debug_macro   0x0000000000012dd1      0x236 ./Core/Src/main.o
 .debug_macro   0x0000000000013007      0x9e1 ./Core/Src/main.o
 .debug_macro   0x00000000000139e8      0x38b ./Core/Src/main.o
 .debug_macro   0x0000000000013d73      0x176 ./Core/Src/main.o
 .debug_macro   0x0000000000013ee9       0xf9 ./Core/Src/main.o
 .debug_macro   0x0000000000013fe2      0x132 ./Core/Src/main.o
 .debug_macro   0x0000000000014114      0x264 ./Core/Src/main.o
 .debug_macro   0x0000000000014378       0x2e ./Core/Src/main.o
 .debug_macro   0x00000000000143a6      0x1b5 ./Core/Src/main.o
 .debug_macro   0x000000000001455b       0x22 ./Core/Src/main.o
 .debug_macro   0x000000000001457d       0xd6 ./Core/Src/main.o
 .debug_macro   0x0000000000014653      0x11a ./Core/Src/main.o
 .debug_macro   0x000000000001476d       0x85 ./Core/Src/main.o
 .debug_macro   0x00000000000147f2       0x89 ./Core/Src/main.o
 .debug_macro   0x000000000001487b      0x8e6 ./Core/Src/main.o
 .debug_macro   0x0000000000015161       0x47 ./Core/Src/main.o
 .debug_macro   0x00000000000151a8      0x295 ./Core/Src/main.o
 .debug_macro   0x000000000001543d      0x126 ./Core/Src/main.o
 .debug_macro   0x0000000000015563       0x58 ./Core/Src/main.o
 .debug_macro   0x00000000000155bb       0x52 ./Core/Src/main.o
 .debug_macro   0x000000000001560d       0x1e ./Core/Src/main.o
 .debug_macro   0x000000000001562b       0x3c ./Core/Src/main.o
 .debug_macro   0x0000000000015667       0x34 ./Core/Src/main.o
 .debug_macro   0x000000000001569b       0x16 ./Core/Src/main.o
 .debug_macro   0x00000000000156b1       0x43 ./Core/Src/main.o
 .debug_macro   0x00000000000156f4       0x34 ./Core/Src/main.o
 .debug_macro   0x0000000000015728       0x10 ./Core/Src/main.o
 .debug_macro   0x0000000000015738       0x58 ./Core/Src/main.o
 .debug_macro   0x0000000000015790       0x71 ./Core/Src/main.o
 .debug_macro   0x0000000000015801       0x1c ./Core/Src/main.o
 .debug_macro   0x000000000001581d      0x12a ./Core/Src/main.o
 .debug_macro   0x0000000000015947      0x341 ./Core/Src/main.o
 .debug_macro   0x0000000000015c88       0x10 ./Core/Src/main.o
 .debug_macro   0x0000000000015c98       0x35 ./Core/Src/main.o
 .debug_macro   0x0000000000015ccd       0x20 ./Core/Src/main.o
 .debug_macro   0x0000000000015ced       0x16 ./Core/Src/main.o
 .debug_macro   0x0000000000015d03       0x16 ./Core/Src/main.o
 .debug_macro   0x0000000000015d19       0x29 ./Core/Src/main.o
 .debug_macro   0x0000000000015d42      0x21e ./Core/Src/stm32f4xx_hal_msp.o
 .debug_macro   0x0000000000015f60      0x228 ./Core/Src/stm32f4xx_it.o
 .debug_macro   0x0000000000016188      0x20f ./Core/Src/system_stm32f4xx.o
 .debug_macro   0x0000000000016397      0x26f ./Drivers/STM32F4xx_HAL_Driver/Src/stm32f4xx_hal.o
 .debug_macro   0x0000000000016606      0x210 ./Drivers/STM32F4xx_HAL_Driver/Src/stm32f4xx_hal_adc.o
 .debug_macro   0x0000000000016816      0x20f ./Drivers/STM32F4xx_HAL_Driver/Src/stm32f4xx_hal_adc_ex.o
 .debug_macro   0x0000000000016a25      0x20f ./Drivers/STM32F4xx_HAL_Driver/Src/stm32f4xx_hal_cortex.o
 .debug_macro   0x0000000000016c34      0x215 ./Drivers/STM32F4xx_HAL_Driver/Src/stm32f4xx_hal_dma.o
 .debug_macro   0x0000000000016e49      0x215 ./Drivers/STM32F4xx_HAL_Driver/Src/stm32f4xx_hal_gpio.o
 .debug_macro   0x000000000001705e      0x256 ./Drivers/STM32F4xx_HAL_Driver/Src/stm32f4xx_hal_i2c.o
 .debug_macro   0x00000000000172b4      0x233 ./Drivers/STM32F4xx_HAL_Driver/Src/stm32f4xx_hal_rcc.o
 .debug_macro   0x00000000000174e7      0x210 ./Drivers/STM32F4xx_HAL_Driver/Src/stm32f4xx_hal_tim.o
 .debug_macro   0x00000000000176f7      0x20f ./Drivers/STM32F4xx_HAL_Driver/Src/stm32f4xx_hal_tim_ex.o
 .debug_macro   0x0000000000017906      0x210 ./Drivers/STM32F4xx_HAL_Driver/Src/stm32f4xx_hal_uart.o

.debug_line     0x0000000000000000    0x1476f
 .debug_line    0x0000000000000000     0x1a00 ./Core/Src/main.o
 .debug_line    0x0000000000001a00      0x92a ./Core/Src/stm32f4xx_hal_msp.o
 .debug_line    0x000000000000232a      0x88e ./Core/Src/stm32f4xx_it.o
 .debug_line    0x0000000000002bb8      0x7bd ./Core/Src/system_stm32f4xx.o
 .debug_line    0x0000000000003375       0x88 ./Core/Startup/startup_stm32f401retx.o
 .debug_line    0x00000000000033fd      0xa23 ./Drivers/STM32F4xx_HAL_Driver/Src/stm32f4xx_hal.o
 .debug_line    0x0000000000003e20     0x11cd ./Drivers/STM32F4xx_HAL_Driver/Src/stm32f4xx_hal_adc.o
 .debug_line    0x0000000000004fed      0xee3 ./Drivers/STM32F4xx_HAL_Driver/Src/stm32f4xx_hal_adc_ex.o
 .debug_line    0x0000000000005ed0      0xcd2 ./Drivers/STM32F4xx_HAL_Driver/Src/stm32f4xx_hal_cortex.o
 .debug_line    0x0000000000006ba2      0xf87 ./Drivers/STM32F4xx_HAL_Driver/Src/stm32f4xx_hal_dma.o
 .debug_line    0x0000000000007b29      0xb5b ./Drivers/STM32F4xx_HAL_Driver/Src/stm32f4xx_hal_gpio.o
 .debug_line    0x0000000000008684     0x39d8 ./Drivers/STM32F4xx_HAL_Driver/Src/stm32f4xx_hal_i2c.o
 .debug_line    0x000000000000c05c      0xd9f ./Drivers/STM32F4xx_HAL_Driver/Src/stm32f4xx_hal_rcc.o
 .debug_line    0x000000000000cdfb     0x34f1 ./Drivers/STM32F4xx_HAL_Driver/Src/stm32f4xx_hal_tim.o
 .debug_line    0x00000000000102ec     0x19bb ./Drivers/STM32F4xx_HAL_Driver/Src/stm32f4xx_hal_tim_ex.o
 .debug_line    0x0000000000011ca7     0x2ac8 ./Drivers/STM32F4xx_HAL_Driver/Src/stm32f4xx_hal_uart.o

.debug_str      0x0000000000000000    0x9b06d
 .debug_str     0x0000000000000000    0x97699 ./Core/Src/main.o
                                      0x97b10 (size before relaxing)
 .debug_str     0x0000000000097699      0x12c ./Core/Src/stm32f4xx_hal_msp.o
                                      0x941ef (size before relaxing)
 .debug_str     0x00000000000977c5      0x1a2 ./Core/Src/stm32f4xx_it.o
                                      0x93cda (size before relaxing)
 .debug_str     0x0000000000097967       0xdb ./Core/Src/system_stm32f4xx.o
                                      0x930b9 (size before relaxing)
 .debug_str     0x0000000000097a42       0x36 ./Core/Startup/startup_stm32f401retx.o
                                         0x73 (size before relaxing)
 .debug_str     0x0000000000097a78      0x5fa ./Drivers/STM32F4xx_HAL_Driver/Src/stm32f4xx_hal.o
                                      0x93adb (size before relaxing)
 .debug_str     0x0000000000098072      0x285 ./Drivers/STM32F4xx_HAL_Driver/Src/stm32f4xx_hal_adc.o
                                      0x93694 (size before relaxing)
 .debug_str     0x00000000000982f7      0x2df ./Drivers/STM32F4xx_HAL_Driver/Src/stm32f4xx_hal_adc_ex.o
                                      0x936e8 (size before relaxing)
 .debug_str     0x00000000000985d6      0x31c ./Drivers/STM32F4xx_HAL_Driver/Src/stm32f4xx_hal_cortex.o
                                      0x937fc (size before relaxing)
 .debug_str     0x00000000000988f2      0x2d5 ./Drivers/STM32F4xx_HAL_Driver/Src/stm32f4xx_hal_dma.o
                                      0x934c1 (size before relaxing)
 .debug_str     0x0000000000098bc7       0xfd ./Drivers/STM32F4xx_HAL_Driver/Src/stm32f4xx_hal_gpio.o
                                      0x93234 (size before relaxing)
 .debug_str     0x0000000000098cc4      0xa84 ./Drivers/STM32F4xx_HAL_Driver/Src/stm32f4xx_hal_i2c.o
                                      0x94077 (size before relaxing)
 .debug_str     0x0000000000099748      0x213 ./Drivers/STM32F4xx_HAL_Driver/Src/stm32f4xx_hal_rcc.o
                                      0x934ed (size before relaxing)
 .debug_str     0x000000000009995b      0xcea ./Drivers/STM32F4xx_HAL_Driver/Src/stm32f4xx_hal_tim.o
                                      0x94421 (size before relaxing)
 .debug_str     0x000000000009a645      0x493 ./Drivers/STM32F4xx_HAL_Driver/Src/stm32f4xx_hal_tim_ex.o
                                      0x93c3d (size before relaxing)
 .debug_str     0x000000000009aad8      0x595 ./Drivers/STM32F4xx_HAL_Driver/Src/stm32f4xx_hal_uart.o
                                      0x93a7a (size before relaxing)

.comment        0x0000000000000000       0x50
 .comment       0x0000000000000000       0x50 ./Core/Src/main.o
                                         0x51 (size before relaxing)
 .comment       0x0000000000000050       0x51 ./Core/Src/stm32f4xx_hal_msp.o
 .comment       0x0000000000000050       0x51 ./Core/Src/stm32f4xx_it.o
 .comment       0x0000000000000050       0x51 ./Core/Src/system_stm32f4xx.o
 .comment       0x0000000000000050       0x51 ./Drivers/STM32F4xx_HAL_Driver/Src/stm32f4xx_hal.o
 .comment       0x0000000000000050       0x51 ./Drivers/STM32F4xx_HAL_Driver/Src/stm32f4xx_hal_adc.o
 .comment       0x0000000000000050       0x51 ./Drivers/STM32F4xx_HAL_Driver/Src/stm32f4xx_hal_adc_ex.o
 .comment       0x0000000000000050       0x51 ./Drivers/STM32F4xx_HAL_Driver/Src/stm32f4xx_hal_cortex.o
 .comment       0x0000000000000050       0x51 ./Drivers/STM32F4xx_HAL_Driver/Src/stm32f4xx_hal_dma.o
 .comment       0x0000000000000050       0x51 ./Drivers/STM32F4xx_HAL_Driver/Src/stm32f4xx_hal_gpio.o
 .comment       0x0000000000000050       0x51 ./Drivers/STM32F4xx_HAL_Driver/Src/stm32f4xx_hal_i2c.o
 .comment       0x0000000000000050       0x51 ./Drivers/STM32F4xx_HAL_Driver/Src/stm32f4xx_hal_rcc.o
 .comment       0x0000000000000050       0x51 ./Drivers/STM32F4xx_HAL_Driver/Src/stm32f4xx_hal_tim.o
 .comment       0x0000000000000050       0x51 ./Drivers/STM32F4xx_HAL_Driver/Src/stm32f4xx_hal_tim_ex.o
 .comment       0x0000000000000050       0x51 ./Drivers/STM32F4xx_HAL_Driver/Src/stm32f4xx_hal_uart.o

.debug_frame    0x0000000000000000     0x48f8
 .debug_frame   0x0000000000000000      0x344 ./Core/Src/main.o
 .debug_frame   0x0000000000000344      0x178 ./Core/Src/stm32f4xx_hal_msp.o
 .debug_frame   0x00000000000004bc      0x1ac ./Core/Src/stm32f4xx_it.o
 .debug_frame   0x0000000000000668       0x58 ./Core/Src/system_stm32f4xx.o
 .debug_frame   0x00000000000006c0      0x374 ./Drivers/STM32F4xx_HAL_Driver/Src/stm32f4xx_hal.o
 .debug_frame   0x0000000000000a34      0x3fc ./Drivers/STM32F4xx_HAL_Driver/Src/stm32f4xx_hal_adc.o
 .debug_frame   0x0000000000000e30      0x250 ./Drivers/STM32F4xx_HAL_Driver/Src/stm32f4xx_hal_adc_ex.o
 .debug_frame   0x0000000000001080      0x498 ./Drivers/STM32F4xx_HAL_Driver/Src/stm32f4xx_hal_cortex.o
 .debug_frame   0x0000000000001518      0x250 ./Drivers/STM32F4xx_HAL_Driver/Src/stm32f4xx_hal_dma.o
 .debug_frame   0x0000000000001768      0x14c ./Drivers/STM32F4xx_HAL_Driver/Src/stm32f4xx_hal_gpio.o
 .debug_frame   0x00000000000018b4      0xc5c ./Drivers/STM32F4xx_HAL_Driver/Src/stm32f4xx_hal_i2c.o
 .debug_frame   0x0000000000002510      0x1f4 ./Drivers/STM32F4xx_HAL_Driver/Src/stm32f4xx_hal_rcc.o
 .debug_frame   0x0000000000002704     0x11bc ./Drivers/STM32F4xx_HAL_Driver/Src/stm32f4xx_hal_tim.o
 .debug_frame   0x00000000000038c0      0x638 ./Drivers/STM32F4xx_HAL_Driver/Src/stm32f4xx_hal_tim_ex.o
 .debug_frame   0x0000000000003ef8      0x92c ./Drivers/STM32F4xx_HAL_Driver/Src/stm32f4xx_hal_uart.o
 .debug_frame   0x0000000000004824       0x2c c:/st/stm32cubeide_1.12.1/stm32cubeide/plugins/com.st.stm32cube.ide.mcu.externaltools.gnu-tools-for-stm32.10.3-2021.10.win32_1.0.200.202301161003/tools/bin/../lib/gcc/arm-none-eabi/10.3.1/../../../../arm-none-eabi/lib/thumb/v7e-m+fp/hard\libc_nano.a(lib_a-init.o)
 .debug_frame   0x0000000000004850       0x28 c:/st/stm32cubeide_1.12.1/stm32cubeide/plugins/com.st.stm32cube.ide.mcu.externaltools.gnu-tools-for-stm32.10.3-2021.10.win32_1.0.200.202301161003/tools/bin/../lib/gcc/arm-none-eabi/10.3.1/../../../../arm-none-eabi/lib/thumb/v7e-m+fp/hard\libc_nano.a(lib_a-memcpy-stub.o)
 .debug_frame   0x0000000000004878       0x20 c:/st/stm32cubeide_1.12.1/stm32cubeide/plugins/com.st.stm32cube.ide.mcu.externaltools.gnu-tools-for-stm32.10.3-2021.10.win32_1.0.200.202301161003/tools/bin/../lib/gcc/arm-none-eabi/10.3.1/../../../../arm-none-eabi/lib/thumb/v7e-m+fp/hard\libc_nano.a(lib_a-memset.o)
 .debug_frame   0x0000000000004898       0x2c c:/st/stm32cubeide_1.12.1/stm32cubeide/plugins/com.st.stm32cube.ide.mcu.externaltools.gnu-tools-for-stm32.10.3-2021.10.win32_1.0.200.202301161003/tools/bin/../lib/gcc/arm-none-eabi/10.3.1/thumb/v7e-m+fp/hard\libgcc.a(_aeabi_uldivmod.o)
 .debug_frame   0x00000000000048c4       0x34 c:/st/stm32cubeide_1.12.1/stm32cubeide/plugins/com.st.stm32cube.ide.mcu.externaltools.gnu-tools-for-stm32.10.3-2021.10.win32_1.0.200.202301161003/tools/bin/../lib/gcc/arm-none-eabi/10.3.1/thumb/v7e-m+fp/hard\libgcc.a(_udivmoddi4.o)
